Scheduler.c:40:6:BubbleSort	16	static
Scheduler.c:68:6:teraRTOS_Update_SchedulerTable	24	static
Scheduler.c:122:6:Decide_WhatNext	8	static
Scheduler.c:146:6:OS_SVC_services	24	static
Scheduler.c:182:28:PendSV_Handler	0	static,ignoring_inline_asm
Scheduler.c:245:6:teraRTOS_CreateMSP	4	static
Scheduler.c:256:6:idle_Task_fun	4	static,ignoring_inline_asm
Scheduler.c:265:21:TERA_RTOS_init	16	static
Scheduler.c:298:6:teraRTOS_Create_TaskStack	24	static
Scheduler.c:348:21:teraRTOS_CreateTask	24	static
Scheduler.c:386:6:teraRTOS_OS_SVC_Set	16	static,ignoring_inline_asm
Scheduler.c:411:21:teraRTOS_ActivateTask	24	static
Scheduler.c:424:21:teraRTOS_TerminateTask	24	static
Scheduler.c:442:6:teraRTOS_TaskWait	16	static
Scheduler.c:452:6:teraRTOS_START	8	static,ignoring_inline_asm
Scheduler.c:474:6:teraRTOS_Update_TaskWaitingTime	16	static
