EXTI_DRIVER.c:14:10:check_port_return_binary	24	static
EXTI_DRIVER.c:53:6:MCAL_EXTI_init	16	static
EXTI_DRIVER.c:66:6:MCAL_EXTI_DeInit	24	static
EXTI_DRIVER.c:111:6:MCAL_EXTI_Update	40	static
EXTI_DRIVER.c:191:6:EXTI0_IRQHandler	8	static
EXTI_DRIVER.c:197:6:EXTI1_IRQHandler	8	static
EXTI_DRIVER.c:204:6:EXTI2_IRQHandler	8	static
EXTI_DRIVER.c:211:6:EXTI3_IRQHandler	8	static
EXTI_DRIVER.c:217:6:EXTI4_IRQHandler	8	static
EXTI_DRIVER.c:223:6:EXTI9_5_IRQHandler	8	static
EXTI_DRIVER.c:252:6:EXTI15_10_IRQHandler	8	static
