core_cm3.h:1640:22:__NVIC_SetPriority	16	static
core_cm3.h:1838:26:SysTick_Config	16	static
CortexMx_OS_Porting.c:16:6:HardFault_Handler	4	static
CortexMx_OS_Porting.c:21:6:MemManage_Handler	4	static
CortexMx_OS_Porting.c:26:6:BusFault_Handler	4	static
CortexMx_OS_Porting.c:31:6:UsageFault_Handler	4	static
CortexMx_OS_Porting.c:38:28:SVC_Handler	0	static,ignoring_inline_asm
CortexMx_OS_Porting.c:50:6:HW_init	8	static
CortexMx_OS_Porting.c:70:6:trigger_OS_PendSV	4	static
CortexMx_OS_Porting.c:76:6:Start_Ticker	8	static
CortexMx_OS_Porting.c:88:6:SysTick_Handler	8	static
