Archive member included to satisfy reference by file (symbol)

c:/st/stm32cubeide_1.4.0/stm32cubeide/plugins/com.st.stm32cube.ide.mcu.externaltools.gnu-tools-for-stm32.7-2018-q2-update.win32_1.4.0.202007081208/tools/bin/../lib/gcc/arm-none-eabi/7.3.1/../../../../arm-none-eabi/lib/thumb/v7-m\libc_nano.a(lib_a-errno.o)
                              Src/syscalls.o (__errno)
c:/st/stm32cubeide_1.4.0/stm32cubeide/plugins/com.st.stm32cube.ide.mcu.externaltools.gnu-tools-for-stm32.7-2018-q2-update.win32_1.4.0.202007081208/tools/bin/../lib/gcc/arm-none-eabi/7.3.1/../../../../arm-none-eabi/lib/thumb/v7-m\libc_nano.a(lib_a-exit.o)
                              c:/st/stm32cubeide_1.4.0/stm32cubeide/plugins/com.st.stm32cube.ide.mcu.externaltools.gnu-tools-for-stm32.7-2018-q2-update.win32_1.4.0.202007081208/tools/bin/../lib/gcc/arm-none-eabi/7.3.1/../../../../arm-none-eabi/lib/thumb/v7-m/crt0.o (exit)
c:/st/stm32cubeide_1.4.0/stm32cubeide/plugins/com.st.stm32cube.ide.mcu.externaltools.gnu-tools-for-stm32.7-2018-q2-update.win32_1.4.0.202007081208/tools/bin/../lib/gcc/arm-none-eabi/7.3.1/../../../../arm-none-eabi/lib/thumb/v7-m\libc_nano.a(lib_a-impure.o)
                              c:/st/stm32cubeide_1.4.0/stm32cubeide/plugins/com.st.stm32cube.ide.mcu.externaltools.gnu-tools-for-stm32.7-2018-q2-update.win32_1.4.0.202007081208/tools/bin/../lib/gcc/arm-none-eabi/7.3.1/../../../../arm-none-eabi/lib/thumb/v7-m\libc_nano.a(lib_a-exit.o) (_global_impure_ptr)
c:/st/stm32cubeide_1.4.0/stm32cubeide/plugins/com.st.stm32cube.ide.mcu.externaltools.gnu-tools-for-stm32.7-2018-q2-update.win32_1.4.0.202007081208/tools/bin/../lib/gcc/arm-none-eabi/7.3.1/../../../../arm-none-eabi/lib/thumb/v7-m\libc_nano.a(lib_a-init.o)
                              c:/st/stm32cubeide_1.4.0/stm32cubeide/plugins/com.st.stm32cube.ide.mcu.externaltools.gnu-tools-for-stm32.7-2018-q2-update.win32_1.4.0.202007081208/tools/bin/../lib/gcc/arm-none-eabi/7.3.1/../../../../arm-none-eabi/lib/thumb/v7-m/crt0.o (__libc_init_array)
c:/st/stm32cubeide_1.4.0/stm32cubeide/plugins/com.st.stm32cube.ide.mcu.externaltools.gnu-tools-for-stm32.7-2018-q2-update.win32_1.4.0.202007081208/tools/bin/../lib/gcc/arm-none-eabi/7.3.1/../../../../arm-none-eabi/lib/thumb/v7-m\libc_nano.a(lib_a-memset.o)
                              c:/st/stm32cubeide_1.4.0/stm32cubeide/plugins/com.st.stm32cube.ide.mcu.externaltools.gnu-tools-for-stm32.7-2018-q2-update.win32_1.4.0.202007081208/tools/bin/../lib/gcc/arm-none-eabi/7.3.1/../../../../arm-none-eabi/lib/thumb/v7-m/crt0.o (memset)
c:/st/stm32cubeide_1.4.0/stm32cubeide/plugins/com.st.stm32cube.ide.mcu.externaltools.gnu-tools-for-stm32.7-2018-q2-update.win32_1.4.0.202007081208/tools/bin/../lib/gcc/arm-none-eabi/7.3.1/../../../../arm-none-eabi/lib/thumb/v7-m\libc_nano.a(lib_a-sprintf.o)
                              HAL/LCD/lcd.o (sprintf)
c:/st/stm32cubeide_1.4.0/stm32cubeide/plugins/com.st.stm32cube.ide.mcu.externaltools.gnu-tools-for-stm32.7-2018-q2-update.win32_1.4.0.202007081208/tools/bin/../lib/gcc/arm-none-eabi/7.3.1/../../../../arm-none-eabi/lib/thumb/v7-m\libc_nano.a(lib_a-nano-svfprintf.o)
                              c:/st/stm32cubeide_1.4.0/stm32cubeide/plugins/com.st.stm32cube.ide.mcu.externaltools.gnu-tools-for-stm32.7-2018-q2-update.win32_1.4.0.202007081208/tools/bin/../lib/gcc/arm-none-eabi/7.3.1/../../../../arm-none-eabi/lib/thumb/v7-m\libc_nano.a(lib_a-sprintf.o) (_svfprintf_r)
c:/st/stm32cubeide_1.4.0/stm32cubeide/plugins/com.st.stm32cube.ide.mcu.externaltools.gnu-tools-for-stm32.7-2018-q2-update.win32_1.4.0.202007081208/tools/bin/../lib/gcc/arm-none-eabi/7.3.1/../../../../arm-none-eabi/lib/thumb/v7-m\libc_nano.a(lib_a-nano-vfprintf_i.o)
                              c:/st/stm32cubeide_1.4.0/stm32cubeide/plugins/com.st.stm32cube.ide.mcu.externaltools.gnu-tools-for-stm32.7-2018-q2-update.win32_1.4.0.202007081208/tools/bin/../lib/gcc/arm-none-eabi/7.3.1/../../../../arm-none-eabi/lib/thumb/v7-m\libc_nano.a(lib_a-nano-svfprintf.o) (_printf_i)
c:/st/stm32cubeide_1.4.0/stm32cubeide/plugins/com.st.stm32cube.ide.mcu.externaltools.gnu-tools-for-stm32.7-2018-q2-update.win32_1.4.0.202007081208/tools/bin/../lib/gcc/arm-none-eabi/7.3.1/../../../../arm-none-eabi/lib/thumb/v7-m\libc_nano.a(lib_a-memchr-stub.o)
                              c:/st/stm32cubeide_1.4.0/stm32cubeide/plugins/com.st.stm32cube.ide.mcu.externaltools.gnu-tools-for-stm32.7-2018-q2-update.win32_1.4.0.202007081208/tools/bin/../lib/gcc/arm-none-eabi/7.3.1/../../../../arm-none-eabi/lib/thumb/v7-m\libc_nano.a(lib_a-nano-svfprintf.o) (memchr)
c:/st/stm32cubeide_1.4.0/stm32cubeide/plugins/com.st.stm32cube.ide.mcu.externaltools.gnu-tools-for-stm32.7-2018-q2-update.win32_1.4.0.202007081208/tools/bin/../lib/gcc/arm-none-eabi/7.3.1/../../../../arm-none-eabi/lib/thumb/v7-m\libc_nano.a(lib_a-memcpy-stub.o)
[...]
Memory Configuration

Name             Origin             Length             Attributes
RAM              0x0000000020000000 0x0000000000002800 xrw
ROM              0x0000000008000000 0x0000000000008000 xr
*default*        0x0000000000000000 0xffffffffffffffff

Linker script and memory map

LOAD c:/st/stm32cubeide_1.4.0/stm32cubeide/plugins/com.st.stm32cube.ide.mcu.externaltools.gnu-tools-for-stm32.7-2018-q2-update.win32_1.4.0.202007081208/tools/bin/../lib/gcc/arm-none-eabi/7.3.1/thumb/v7-m/crti.o
LOAD c:/st/stm32cubeide_1.4.0/stm32cubeide/plugins/com.st.stm32cube.ide.mcu.externaltools.gnu-tools-for-stm32.7-2018-q2-update.win32_1.4.0.202007081208/tools/bin/../lib/gcc/arm-none-eabi/7.3.1/thumb/v7-m/crtbegin.o
LOAD c:/st/stm32cubeide_1.4.0/stm32cubeide/plugins/com.st.stm32cube.ide.mcu.externaltools.gnu-tools-for-stm32.7-2018-q2-update.win32_1.4.0.202007081208/tools/bin/../lib/gcc/arm-none-eabi/7.3.1/../../../../arm-none-eabi/lib/thumb/v7-m/crt0.o
LOAD HAL/I2C_Slave_EEPROM/I2C_Slave_EEPROM.o
LOAD HAL/KEYPAD/keypad.o
LOAD HAL/LCD/lcd.o
LOAD STM32F103C6_DRIVERS/EXTI/EXTI_DRIVER.o
LOAD STM32F103C6_DRIVERS/GPIO/GPIO_DRIVER.o
LOAD STM32F103C6_DRIVERS/I2C/I2C_DRIVER.o
LOAD STM32F103C6_DRIVERS/RCC ( DEMO )/RCC_DRIVER.o
LOAD STM32F103C6_DRIVERS/SPI/SPI_DRIVER.o
LOAD STM32F103C6_DRIVERS/USART/USART_DRIVER.o
LOAD Src/main.o
LOAD Src/syscalls.o
LOAD Src/sysmem.o
LOAD Startup/startup_stm32f103c6tx.o
START GROUP
LOAD c:/st/stm32cubeide_1.4.0/stm32cubeide/plugins/com.st.stm32cube.ide.mcu.externaltools.gnu-tools-for-stm32.7-2018-q2-update.win32_1.4.0.202007081208/tools/bin/../lib/gcc/arm-none-eabi/7.3.1/../../../../arm-none-eabi/lib/thumb/v7-m\libc_nano.a
LOAD c:/st/stm32cubeide_1.4.0/stm32cubeide/plugins/com.st.stm32cube.ide.mcu.externaltools.gnu-tools-for-stm32.7-2018-q2-update.win32_1.4.0.202007081208/tools/bin/../lib/gcc/arm-none-eabi/7.3.1/../../../../arm-none-eabi/lib/thumb/v7-m\libm.a
END GROUP
START GROUP
LOAD c:/st/stm32cubeide_1.4.0/stm32cubeide/plugins/com.st.stm32cube.ide.mcu.externaltools.gnu-tools-for-stm32.7-2018-q2-update.win32_1.4.0.202007081208/tools/bin/../lib/gcc/arm-none-eabi/7.3.1/thumb/v7-m\libgcc.a
LOAD c:/st/stm32cubeide_1.4.0/stm32cubeide/plugins/com.st.stm32cube.ide.mcu.externaltools.gnu-tools-for-stm32.7-2018-q2-update.win32_1.4.0.202007081208/tools/bin/../lib/gcc/arm-none-eabi/7.3.1/../../../../arm-none-eabi/lib/thumb/v7-m\libg_nano.a
LOAD c:/st/stm32cubeide_1.4.0/stm32cubeide/plugins/com.st.stm32cube.ide.mcu.externaltools.gnu-tools-for-stm32.7-2018-q2-update.win32_1.4.0.202007081208/tools/bin/../lib/gcc/arm-none-eabi/7.3.1/../../../../arm-none-eabi/lib/thumb/v7-m\libc_nano.a
END GROUP
START GROUP
LOAD c:/st/stm32cubeide_1.4.0/stm32cubeide/plugins/com.st.stm32cube.ide.mcu.externaltools.gnu-tools-for-stm32.7-2018-q2-update.win32_1.4.0.202007081208/tools/bin/../lib/gcc/arm-none-eabi/7.3.1/thumb/v7-m\libgcc.a
LOAD c:/st/stm32cubeide_1.4.0/stm32cubeide/plugins/com.st.stm32cube.ide.mcu.externaltools.gnu-tools-for-stm32.7-2018-q2-update.win32_1.4.0.202007081208/tools/bin/../lib/gcc/arm-none-eabi/7.3.1/../../../../arm-none-eabi/lib/thumb/v7-m\libc_nano.a
LOAD c:/st/stm32cubeide_1.4.0/stm32cubeide/plugins/com.st.stm32cube.ide.mcu.externaltools.gnu-tools-for-stm32.7-2018-q2-update.win32_1.4.0.202007081208/tools/bin/../lib/gcc/arm-none-eabi/7.3.1/../../../../arm-none-eabi/lib/thumb/v7-m\libnosys.a
END GROUP
START GROUP
LOAD c:/st/stm32cubeide_1.4.0/stm32cubeide/plugins/com.st.stm32cube.ide.mcu.externaltools.gnu-tools-for-stm32.7-2018-q2-update.win32_1.4.0.202007081208/tools/bin/../lib/gcc/arm-none-eabi/7.3.1/thumb/v7-m\libgcc.a
LOAD c:/st/stm32cubeide_1.4.0/stm32cubeide/plugins/com.st.stm32cube.ide.mcu.externaltools.gnu-tools-for-stm32.7-2018-q2-update.win32_1.4.0.202007081208/tools/bin/../lib/gcc/arm-none-eabi/7.3.1/../../../../arm-none-eabi/lib/thumb/v7-m\libc_nano.a
LOAD c:/st/stm32cubeide_1.4.0/stm32cubeide/plugins/com.st.stm32cube.ide.mcu.externaltools.gnu-tools-for-stm32.7-2018-q2-update.win32_1.4.0.202007081208/tools/bin/../lib/gcc/arm-none-eabi/7.3.1/../../../../arm-none-eabi/lib/thumb/v7-m\libnosys.a
END GROUP
LOAD c:/st/stm32cubeide_1.4.0/stm32cubeide/plugins/com.st.stm32cube.ide.mcu.externaltools.gnu-tools-for-stm32.7-2018-q2-update.win32_1.4.0.202007081208/tools/bin/../lib/gcc/arm-none-eabi/7.3.1/thumb/v7-m/crtend.o
LOAD c:/st/stm32cubeide_1.4.0/stm32cubeide/plugins/com.st.stm32cube.ide.mcu.externaltools.gnu-tools-for-stm32.7-2018-q2-update.win32_1.4.0.202007081208/tools/bin/../lib/gcc/arm-none-eabi/7.3.1/thumb/v7-m/crtn.o
                0x0000000020002800                _estack = (ORIGIN (RAM) + LENGTH (RAM))
                0x0000000000000200                _Min_Heap_Size = 0x200
                0x0000000000000400                _Min_Stack_Size = 0x400

.isr_vector     0x0000000008000000      0x130
                0x0000000008000000                . = ALIGN (0x4)
 *(.isr_vector)
 .isr_vector    0x0000000008000000      0x130 Startup/startup_stm32f103c6tx.o
                0x0000000008000000                g_pfnVectors
                0x0000000008000130                . = ALIGN (0x4)

.text           0x0000000008000130      0xe8c
                0x0000000008000130                . = ALIGN (0x4)
 *(.text)
 .text          0x0000000008000130       0x40 c:/st/stm32cubeide_1.4.0/stm32cubeide/plugins/com.st.stm32cube.ide.mcu.externaltools.gnu-tools-for-stm32.7-2018-q2-update.win32_1.4.0.202007081208/tools/bin/../lib/gcc/arm-none-eabi/7.3.1/thumb/v7-m/crtbegin.o
 *(.text*)
 .text.eeprom_init
                0x0000000008000170       0x40 HAL/I2C_Slave_EEPROM/I2C_Slave_EEPROM.o
                0x0000000008000170                eeprom_init
 .text.eeprom_write_Nbytes
                0x00000000080001b0       0xa4 HAL/I2C_Slave_EEPROM/I2C_Slave_EEPROM.o
                0x00000000080001b0                eeprom_write_Nbytes
 .text.eeprom_read_byte
                0x0000000008000254       0x58 HAL/I2C_Slave_EEPROM/I2C_Slave_EEPROM.o
                0x0000000008000254                eeprom_read_byte
 .text.EXTI0_IRQHandler
                0x00000000080002ac       0x24 STM32F103C6_DRIVERS/EXTI/EXTI_DRIVER.o
                0x00000000080002ac                EXTI0_IRQHandler
 .text.EXTI1_IRQHandler
                0x00000000080002d0       0x24 STM32F103C6_DRIVERS/EXTI/EXTI_DRIVER.o
                0x00000000080002d0                EXTI1_IRQHandler
 .text.EXTI2_IRQHandler
                0x00000000080002f4       0x24 STM32F103C6_DRIVERS/EXTI/EXTI_DRIVER.o
                0x00000000080002f4                EXTI2_IRQHandler
 .text.EXTI3_IRQHandler
                0x0000000008000318       0x24 STM32F103C6_DRIVERS/EXTI/EXTI_DRIVER.o
                0x0000000008000318                EXTI3_IRQHandler
 .text.EXTI4_IRQHandler
                0x000000000800033c       0x24 STM32F103C6_DRIVERS/EXTI/EXTI_DRIVER.o
                0x000000000800033c                EXTI4_IRQHandler
 .text.EXTI9_5_IRQHandler
                0x0000000008000360       0xa8 STM32F103C6_DRIVERS/EXTI/EXTI_DRIVER.o
                0x0000000008000360                EXTI9_5_IRQHandler
 .text.EXTI15_10_IRQHandler
                0x0000000008000408       0xd0 STM32F103C6_DRIVERS/EXTI/EXTI_DRIVER.o
                0x0000000008000408                EXTI15_10_IRQHandler
 .text.get_CRLH_position
                0x00000000080004d8       0xa0 STM32F103C6_DRIVERS/GPIO/GPIO_DRIVER.o
                0x00000000080004d8                get_CRLH_position
 .text.MCAL_GPIO_Init
                0x0000000008000578       0xfe STM32F103C6_DRIVERS/GPIO/GPIO_DRIVER.o
                0x0000000008000578                MCAL_GPIO_Init
 .text.I2C_GenerateSTART
                0x0000000008000676       0x4e STM32F103C6_DRIVERS/I2C/I2C_DRIVER.o
                0x0000000008000676                I2C_GenerateSTART
 .text.I2C_GetFlagStatus
                0x00000000080006c4       0xf8 STM32F103C6_DRIVERS/I2C/I2C_DRIVER.o
                0x00000000080006c4                I2C_GetFlagStatus
 .text.I2C_SendAddress
                0x00000000080007bc       0x3e STM32F103C6_DRIVERS/I2C/I2C_DRIVER.o
                0x00000000080007bc                I2C_SendAddress
 .text.I2C_AcknowledgeConfig
                0x00000000080007fa       0x40 STM32F103C6_DRIVERS/I2C/I2C_DRIVER.o
                0x00000000080007fa                I2C_AcknowledgeConfig
 .text.I2C_GenerateSTOP
                0x000000000800083a       0x36 STM32F103C6_DRIVERS/I2C/I2C_DRIVER.o
                0x000000000800083a                I2C_GenerateSTOP
 .text.MCAL_I2C_Init
                0x0000000008000870      0x21c STM32F103C6_DRIVERS/I2C/I2C_DRIVER.o
                0x0000000008000870                MCAL_I2C_Init
 .text.MCAL_I2C_GPIO_Set_Pins
                0x0000000008000a8c       0x90 STM32F103C6_DRIVERS/I2C/I2C_DRIVER.o
                0x0000000008000a8c                MCAL_I2C_GPIO_Set_Pins
 .text.MCAL_I2C_Master_TX
                0x0000000008000b1c       0xac STM32F103C6_DRIVERS/I2C/I2C_DRIVER.o
                0x0000000008000b1c                MCAL_I2C_Master_TX
 .text.MCAL_I2C_Master_RX
                0x0000000008000bc8       0xe8 STM32F103C6_DRIVERS/I2C/I2C_DRIVER.o
                0x0000000008000bc8                MCAL_I2C_Master_RX
 .text.I2C1_ER_IRQHandler
                0x0000000008000cb0        0xc STM32F103C6_DRIVERS/I2C/I2C_DRIVER.o
                0x0000000008000cb0                I2C1_ER_IRQHandler
 .text.I2C1_EV_IRQHandler
                0x0000000008000cbc        0xc STM32F103C6_DRIVERS/I2C/I2C_DRIVER.o
                0x0000000008000cbc                I2C1_EV_IRQHandler
 .text.I2C2_ER_IRQHandler
                0x0000000008000cc8        0xc STM32F103C6_DRIVERS/I2C/I2C_DRIVER.o
                0x0000000008000cc8                I2C2_ER_IRQHandler
 .text.I2C2_EV_IRQHandler
                0x0000000008000cd4        0xc STM32F103C6_DRIVERS/I2C/I2C_DRIVER.o
                0x0000000008000cd4                I2C2_EV_IRQHandler
 .text.RCC_Get_SYSCLK
                0x0000000008000ce0       0x44 STM32F103C6_DRIVERS/RCC ( DEMO )/RCC_DRIVER.o
                0x0000000008000ce0                RCC_Get_SYSCLK
 .text.RCC_Get_HCLK
                0x0000000008000d24       0x28 STM32F103C6_DRIVERS/RCC ( DEMO )/RCC_DRIVER.o
                0x0000000008000d24                RCC_Get_HCLK
 .text.RCC_Get_PCLK1
                0x0000000008000d4c       0x28 STM32F103C6_DRIVERS/RCC ( DEMO )/RCC_DRIVER.o
                0x0000000008000d4c                RCC_Get_PCLK1
 .text.SPI1_IRQHandler
                0x0000000008000d74       0x48 STM32F103C6_DRIVERS/SPI/SPI_DRIVER.o
                0x0000000008000d74                SPI1_IRQHandler
 .text.SPI2_IRQHandler
                0x0000000008000dbc       0x48 STM32F103C6_DRIVERS/SPI/SPI_DRIVER.o
                0x0000000008000dbc                SPI2_IRQHandler
 .text.USART1_IRQHandler
                0x0000000008000e04       0x64 STM32F103C6_DRIVERS/USART/USART_DRIVER.o
                0x0000000008000e04                USART1_IRQHandler
 .text.main     0x0000000008000e68       0xa0 Src/main.o
                0x0000000008000e68                main
 .text.Reset_Handler
                0x0000000008000f08       0x50 Startup/startup_stm32f103c6tx.o
                0x0000000008000f08                Reset_Handler
 .text.Default_Handler
                0x0000000008000f58        0x2 Startup/startup_stm32f103c6tx.o
                0x0000000008000f58                TIM8_TRG_COM_IRQHandler
                0x0000000008000f58                TIM8_CC_IRQHandler
                0x0000000008000f58                DebugMon_Handler
                0x0000000008000f58                TIM1_CC_IRQHandler
                0x0000000008000f58                HardFault_Handler
                0x0000000008000f58                TIM6_IRQHandler
                0x0000000008000f58                SysTick_Handler
                0x0000000008000f58                PVD_IRQHandler
                0x0000000008000f58                SDIO_IRQHandler
                0x0000000008000f58                PendSV_Handler
                0x0000000008000f58                NMI_Handler
                0x0000000008000f58                USB_HP_CAN_TX_IRQHandler
                0x0000000008000f58                UsageFault_Handler
                0x0000000008000f58                ADC1_2_IRQHandler
                0x0000000008000f58                CAN_SCE_IRQHandler
                0x0000000008000f58                TAMPER_IRQHandler
                0x0000000008000f58                TIM8_UP_IRQHandler
                0x0000000008000f58                DMA2_Channel2_IRQHandler
                0x0000000008000f58                DMA1_Channel4_IRQHandler
                0x0000000008000f58                USART3_IRQHandler
                0x0000000008000f58                RTC_IRQHandler
                0x0000000008000f58                DMA1_Channel7_IRQHandler
                0x0000000008000f58                UART5_IRQHandler
                0x0000000008000f58                ADC3_IRQHandler
                0x0000000008000f58                TIM4_IRQHandler
                0x0000000008000f58                CAN_RX1_IRQHandler
                0x0000000008000f58                DMA2_Channel1_IRQHandler
                0x0000000008000f58                DMA1_Channel6_IRQHandler
                0x0000000008000f58                UART4_IRQHandler
                0x0000000008000f58                TIM3_IRQHandler
                0x0000000008000f58                RCC_IRQHandler
                0x0000000008000f58                TIM1_TRG_COM_IRQHandler
                0x0000000008000f58                DMA1_Channel1_IRQHandler
                0x0000000008000f58                Default_Handler
                0x0000000008000f58                TIM7_IRQHandler
                0x0000000008000f58                TIM5_IRQHandler
                0x0000000008000f58                USB_LP_CAN_RX0_IRQHandler
                0x0000000008000f58                MemManage_Handler
                0x0000000008000f58                SVC_Handler
                0x0000000008000f58                DMA1_Channel5_IRQHandler
                0x0000000008000f58                DMA1_Channel3_IRQHandler
                0x0000000008000f58                FSMC_IRQHandler
                0x0000000008000f58                TIM1_UP_IRQHandler
                0x0000000008000f58                WWDG_IRQHandler
                0x0000000008000f58                TIM2_IRQHandler
                0x0000000008000f58                TIM1_BRK_IRQHandler
                0x0000000008000f58                RTCAlarm_IRQHandler
                0x0000000008000f58                DMA2_Channel4_5_IRQHandler
                0x0000000008000f58                USART2_IRQHandler
                0x0000000008000f58                DMA1_Channel2_IRQHandler
                0x0000000008000f58                TIM8_BRK_IRQHandler
                0x0000000008000f58                FLASH_IRQHandler
                0x0000000008000f58                BusFault_Handler
                0x0000000008000f58                SPI3_IRQHandler
                0x0000000008000f58                DMA2_Channel3_IRQHandler
 *fill*         0x0000000008000f5a        0x2 
 .text.__libc_init_array
                0x0000000008000f5c       0x48 c:/st/stm32cubeide_1.4.0/stm32cubeide/plugins/com.st.stm32cube.ide.mcu.externaltools.gnu-tools-for-stm32.7-2018-q2-update.win32_1.4.0.202007081208/tools/bin/../lib/gcc/arm-none-eabi/7.3.1/../../../../arm-none-eabi/lib/thumb/v7-m\libc_nano.a(lib_a-init.o)
                0x0000000008000f5c                __libc_init_array
 *(.glue_7)
 .glue_7        0x0000000008000fa4        0x0 linker stubs
 *(.glue_7t)
 .glue_7t       0x0000000008000fa4        0x0 linker stubs
 *(.eh_frame)
 .eh_frame      0x0000000008000fa4        0x0 c:/st/stm32cubeide_1.4.0/stm32cubeide/plugins/com.st.stm32cube.ide.mcu.externaltools.gnu-tools-for-stm32.7-2018-q2-update.win32_1.4.0.202007081208/tools/bin/../lib/gcc/arm-none-eabi/7.3.1/thumb/v7-m/crtbegin.o
 *(.init)
 .init          0x0000000008000fa4        0x4 c:/st/stm32cubeide_1.4.0/stm32cubeide/plugins/com.st.stm32cube.ide.mcu.externaltools.gnu-tools-for-stm32.7-2018-q2-update.win32_1.4.0.202007081208/tools/bin/../lib/gcc/arm-none-eabi/7.3.1/thumb/v7-m/crti.o
                0x0000000008000fa4                _init
 .init          0x0000000008000fa8        0x8 c:/st/stm32cubeide_1.4.0/stm32cubeide/plugins/com.st.stm32cube.ide.mcu.externaltools.gnu-tools-for-stm32.7-2018-q2-update.win32_1.4.0.202007081208/tools/bin/../lib/gcc/arm-none-eabi/7.3.1/thumb/v7-m/crtn.o
 *(.fini)
 .fini          0x0000000008000fb0        0x4 c:/st/stm32cubeide_1.4.0/stm32cubeide/plugins/com.st.stm32cube.ide.mcu.externaltools.gnu-tools-for-stm32.7-2018-q2-update.win32_1.4.0.202007081208/tools/bin/../lib/gcc/arm-none-eabi/7.3.1/thumb/v7-m/crti.o
                0x0000000008000fb0                _fini
 .fini          0x0000000008000fb4        0x8 c:/st/stm32cubeide_1.4.0/stm32cubeide/plugins/com.st.stm32cube.ide.mcu.externaltools.gnu-tools-for-stm32.7-2018-q2-update.win32_1.4.0.202007081208/tools/bin/../lib/gcc/arm-none-eabi/7.3.1/thumb/v7-m/crtn.o
                0x0000000008000fbc                . = ALIGN (0x4)
                0x0000000008000fbc                _etext = .

.vfp11_veneer   0x0000000008000fbc        0x0
 .vfp11_veneer  0x0000000008000fbc        0x0 linker stubs

.v4_bx          0x0000000008000fbc        0x0
 .v4_bx         0x0000000008000fbc        0x0 linker stubs

.iplt           0x0000000008000fbc        0x0
 .iplt          0x0000000008000fbc        0x0 c:/st/stm32cubeide_1.4.0/stm32cubeide/plugins/com.st.stm32cube.ide.mcu.externaltools.gnu-tools-for-stm32.7-2018-q2-update.win32_1.4.0.202007081208/tools/bin/../lib/gcc/arm-none-eabi/7.3.1/thumb/v7-m/crtbegin.o

.rodata         0x0000000008000fbc        0x8
                0x0000000008000fbc                . = ALIGN (0x4)
 *(.rodata)
 .rodata        0x0000000008000fbc        0x7 Src/main.o
 *(.rodata*)
                0x0000000008000fc4                . = ALIGN (0x4)
 *fill*         0x0000000008000fc3        0x1 

.rel.dyn        0x0000000008000fc4        0x0
 .rel.iplt      0x0000000008000fc4        0x0 c:/st/stm32cubeide_1.4.0/stm32cubeide/plugins/com.st.stm32cube.ide.mcu.externaltools.gnu-tools-for-stm32.7-2018-q2-update.win32_1.4.0.202007081208/tools/bin/../lib/gcc/arm-none-eabi/7.3.1/thumb/v7-m/crtbegin.o

.ARM.extab      0x0000000008000fc4        0x0
                0x0000000008000fc4                . = ALIGN (0x4)
 *(.ARM.extab* .gnu.linkonce.armextab.*)
                0x0000000008000fc4                . = ALIGN (0x4)

.ARM            0x0000000008000fc4        0x0
                0x0000000008000fc4                . = ALIGN (0x4)
                0x0000000008000fc4                __exidx_start = .
 *(.ARM.exidx*)
                0x0000000008000fc4                __exidx_end = .
                0x0000000008000fc4                . = ALIGN (0x4)

.preinit_array  0x0000000008000fc4        0x0
                0x0000000008000fc4                . = ALIGN (0x4)
                0x0000000008000fc4                PROVIDE (__preinit_array_start = .)
 *(.preinit_array*)
                0x0000000008000fc4                PROVIDE (__preinit_array_end = .)
                0x0000000008000fc4                . = ALIGN (0x4)

.init_array     0x0000000008000fc4        0x4
                0x0000000008000fc4                . = ALIGN (0x4)
                0x0000000008000fc4                PROVIDE (__init_array_start = .)
 *(SORT_BY_NAME(.init_array.*))
 *(.init_array*)
 .init_array    0x0000000008000fc4        0x4 c:/st/stm32cubeide_1.4.0/stm32cubeide/plugins/com.st.stm32cube.ide.mcu.externaltools.gnu-tools-for-stm32.7-2018-q2-update.win32_1.4.0.202007081208/tools/bin/../lib/gcc/arm-none-eabi/7.3.1/thumb/v7-m/crtbegin.o
                0x0000000008000fc8                PROVIDE (__init_array_end = .)
                0x0000000008000fc8                . = ALIGN (0x4)

.fini_array     0x0000000008000fc8        0x4
                0x0000000008000fc8                . = ALIGN (0x4)
                [!provide]                        PROVIDE (__fini_array_start = .)
 *(SORT_BY_NAME(.fini_array.*))
 *(.fini_array*)
 .fini_array    0x0000000008000fc8        0x4 c:/st/stm32cubeide_1.4.0/stm32cubeide/plugins/com.st.stm32cube.ide.mcu.externaltools.gnu-tools-for-stm32.7-2018-q2-update.win32_1.4.0.202007081208/tools/bin/../lib/gcc/arm-none-eabi/7.3.1/thumb/v7-m/crtbegin.o
                [!provide]                        PROVIDE (__fini_array_end = .)
                0x0000000008000fcc                . = ALIGN (0x4)
                0x0000000008000fcc                _sidata = LOADADDR (.data)

.data           0x0000000020000000       0x18 load address 0x0000000008000fcc
                0x0000000020000000                . = ALIGN (0x4)
                0x0000000020000000                _sdata = .
 *(.data)
 *(.data*)
 .data.AHB_Prescaler
                0x0000000020000000       0x10 STM32F103C6_DRIVERS/RCC ( DEMO )/RCC_DRIVER.o
                0x0000000020000000                AHB_Prescaler
 .data.APB2_Prescaler
                0x0000000020000010        0x8 STM32F103C6_DRIVERS/RCC ( DEMO )/RCC_DRIVER.o
                0x0000000020000010                APB2_Prescaler
                0x0000000020000018                . = ALIGN (0x4)
                0x0000000020000018                _edata = .

.igot.plt       0x0000000020000018        0x0 load address 0x0000000008000fe4
 .igot.plt      0x0000000020000018        0x0 c:/st/stm32cubeide_1.4.0/stm32cubeide/plugins/com.st.stm32cube.ide.mcu.externaltools.gnu-tools-for-stm32.7-2018-q2-update.win32_1.4.0.202007081208/tools/bin/../lib/gcc/arm-none-eabi/7.3.1/thumb/v7-m/crtbegin.o
                0x0000000020000018                . = ALIGN (0x4)

.bss            0x0000000020000018       0xa8 load address 0x0000000008000fe4
                0x0000000020000018                _sbss = .
                0x0000000020000018                __bss_start__ = _sbss
 *(.bss)
 .bss           0x0000000020000018       0x1c c:/st/stm32cubeide_1.4.0/stm32cubeide/plugins/com.st.stm32cube.ide.mcu.externaltools.gnu-tools-for-stm32.7-2018-q2-update.win32_1.4.0.202007081208/tools/bin/../lib/gcc/arm-none-eabi/7.3.1/thumb/v7-m/crtbegin.o
 *(.bss*)
 .bss.Global_I2C_Config
                0x0000000020000034       0x48 STM32F103C6_DRIVERS/I2C/I2C_DRIVER.o
                0x0000000020000034                Global_I2C_Config
 .bss.Global_USART_Config_s
                0x000000002000007c        0x4 STM32F103C6_DRIVERS/USART/USART_DRIVER.o
                0x000000002000007c                Global_USART_Config_s
 *(COMMON)
 COMMON         0x0000000020000080       0x3c STM32F103C6_DRIVERS/EXTI/EXTI_DRIVER.o
                0x0000000020000080                GP_IRQ_CallBack
 COMMON         0x00000000200000bc        0x4 STM32F103C6_DRIVERS/SPI/SPI_DRIVER.o
                0x00000000200000bc                Global_SPI_Config_s
                0x00000000200000c0                . = ALIGN (0x4)
                0x00000000200000c0                _ebss = .
                0x00000000200000c0                __bss_end__ = _ebss

._user_heap_stack
                0x00000000200000c0      0x600 load address 0x0000000008000fe4
                0x00000000200000c0                . = ALIGN (0x8)
                [!provide]                        PROVIDE (end = .)
                0x00000000200000c0                PROVIDE (_end = .)
                0x00000000200002c0                . = (. + _Min_Heap_Size)
 *fill*         0x00000000200000c0      0x200 
                0x00000000200006c0                . = (. + _Min_Stack_Size)
 *fill*         0x00000000200002c0      0x400 
                0x00000000200006c0                . = ALIGN (0x8)

/DISCARD/
 libc.a(*)
 libm.a(*)
 libgcc.a(*)

.ARM.attributes
                0x0000000000000000       0x29
 *(.ARM.attributes)
 .ARM.attributes
                0x0000000000000000       0x1d c:/st/stm32cubeide_1.4.0/stm32cubeide/plugins/com.st.stm32cube.ide.mcu.externaltools.gnu-tools-for-stm32.7-2018-q2-update.win32_1.4.0.202007081208/tools/bin/../lib/gcc/arm-none-eabi/7.3.1/thumb/v7-m/crti.o
 .ARM.attributes
                0x000000000000001d       0x2d c:/st/stm32cubeide_1.4.0/stm32cubeide/plugins/com.st.stm32cube.ide.mcu.externaltools.gnu-tools-for-stm32.7-2018-q2-update.win32_1.4.0.202007081208/tools/bin/../lib/gcc/arm-none-eabi/7.3.1/thumb/v7-m/crtbegin.o
 .ARM.attributes
                0x000000000000004a       0x33 HAL/I2C_Slave_EEPROM/I2C_Slave_EEPROM.o
 .ARM.attributes
                0x000000000000007d       0x33 STM32F103C6_DRIVERS/EXTI/EXTI_DRIVER.o
 .ARM.attributes
                0x00000000000000b0       0x33 STM32F103C6_DRIVERS/GPIO/GPIO_DRIVER.o
 .ARM.attributes
                0x00000000000000e3       0x33 STM32F103C6_DRIVERS/I2C/I2C_DRIVER.o
 .ARM.attributes
                0x0000000000000116       0x33 STM32F103C6_DRIVERS/RCC ( DEMO )/RCC_DRIVER.o
 .ARM.attributes
                0x0000000000000149       0x33 STM32F103C6_DRIVERS/SPI/SPI_DRIVER.o
 .ARM.attributes
                0x000000000000017c       0x33 STM32F103C6_DRIVERS/USART/USART_DRIVER.o
 .ARM.attributes
                0x00000000000001af       0x33 Src/main.o
 .ARM.attributes
                0x00000000000001e2       0x21 Startup/startup_stm32f103c6tx.o
 .ARM.attributes
                0x0000000000000203       0x2d c:/st/stm32cubeide_1.4.0/stm32cubeide/plugins/com.st.stm32cube.ide.mcu.externaltools.gnu-tools-for-stm32.7-2018-q2-update.win32_1.4.0.202007081208/tools/bin/../lib/gcc/arm-none-eabi/7.3.1/../../../../arm-none-eabi/lib/thumb/v7-m\libc_nano.a(lib_a-init.o)
 .ARM.attributes
                0x0000000000000230       0x1d c:/st/stm32cubeide_1.4.0/stm32cubeide/plugins/com.st.stm32cube.ide.mcu.externaltools.gnu-tools-for-stm32.7-2018-q2-update.win32_1.4.0.202007081208/tools/bin/../lib/gcc/arm-none-eabi/7.3.1/thumb/v7-m/crtn.o
OUTPUT(Drivers1.elf elf32-littlearm)

.debug_info     0x0000000000000000     0x6b17
 .debug_info    0x0000000000000000      0xc99 HAL/I2C_Slave_EEPROM/I2C_Slave_EEPROM.o
 .debug_info    0x0000000000000c99      0xdc2 STM32F103C6_DRIVERS/EXTI/EXTI_DRIVER.o
 .debug_info    0x0000000000001a5b      0xc6d STM32F103C6_DRIVERS/GPIO/GPIO_DRIVER.o
 .debug_info    0x00000000000026c8     0x127a STM32F103C6_DRIVERS/I2C/I2C_DRIVER.o
 .debug_info    0x0000000000003942      0xafa STM32F103C6_DRIVERS/RCC ( DEMO )/RCC_DRIVER.o
 .debug_info    0x000000000000443c      0xddc STM32F103C6_DRIVERS/SPI/SPI_DRIVER.o
 .debug_info    0x0000000000005218      0xe6b STM32F103C6_DRIVERS/USART/USART_DRIVER.o
 .debug_info    0x0000000000006083      0xa72 Src/main.o
 .debug_info    0x0000000000006af5       0x22 Startup/startup_stm32f103c6tx.o

.debug_abbrev   0x0000000000000000      0xf84
 .debug_abbrev  0x0000000000000000      0x1da HAL/I2C_Slave_EEPROM/I2C_Slave_EEPROM.o
 .debug_abbrev  0x00000000000001da      0x1d1 STM32F103C6_DRIVERS/EXTI/EXTI_DRIVER.o
 .debug_abbrev  0x00000000000003ab      0x1de STM32F103C6_DRIVERS/GPIO/GPIO_DRIVER.o
 .debug_abbrev  0x0000000000000589      0x294 STM32F103C6_DRIVERS/I2C/I2C_DRIVER.o
 .debug_abbrev  0x000000000000081d      0x1aa STM32F103C6_DRIVERS/RCC ( DEMO )/RCC_DRIVER.o
 .debug_abbrev  0x00000000000009c7      0x20f STM32F103C6_DRIVERS/SPI/SPI_DRIVER.o
 .debug_abbrev  0x0000000000000bd6      0x214 STM32F103C6_DRIVERS/USART/USART_DRIVER.o
 .debug_abbrev  0x0000000000000dea      0x188 Src/main.o
 .debug_abbrev  0x0000000000000f72       0x12 Startup/startup_stm32f103c6tx.o

.debug_loc      0x0000000000000000     0x107e
 .debug_loc     0x0000000000000000       0xf2 HAL/I2C_Slave_EEPROM/I2C_Slave_EEPROM.o
 .debug_loc     0x00000000000000f2      0x280 STM32F103C6_DRIVERS/EXTI/EXTI_DRIVER.o
 .debug_loc     0x0000000000000372      0x2c8 STM32F103C6_DRIVERS/GPIO/GPIO_DRIVER.o
 .debug_loc     0x000000000000063a      0x524 STM32F103C6_DRIVERS/I2C/I2C_DRIVER.o
 .debug_loc     0x0000000000000b5e       0xe0 STM32F103C6_DRIVERS/RCC ( DEMO )/RCC_DRIVER.o
 .debug_loc     0x0000000000000c3e      0x260 STM32F103C6_DRIVERS/SPI/SPI_DRIVER.o
 .debug_loc     0x0000000000000e9e      0x1a8 STM32F103C6_DRIVERS/USART/USART_DRIVER.o
 .debug_loc     0x0000000000001046       0x38 Src/main.o

.debug_aranges  0x0000000000000000      0x2a0
 .debug_aranges
                0x0000000000000000       0x30 HAL/I2C_Slave_EEPROM/I2C_Slave_EEPROM.o
 .debug_aranges
                0x0000000000000030       0x70 STM32F103C6_DRIVERS/EXTI/EXTI_DRIVER.o
 .debug_aranges
                0x00000000000000a0       0x58 STM32F103C6_DRIVERS/GPIO/GPIO_DRIVER.o
 .debug_aranges
                0x00000000000000f8       0x98 STM32F103C6_DRIVERS/I2C/I2C_DRIVER.o
 .debug_aranges
                0x0000000000000190       0x38 STM32F103C6_DRIVERS/RCC ( DEMO )/RCC_DRIVER.o
 .debug_aranges
                0x00000000000001c8       0x50 STM32F103C6_DRIVERS/SPI/SPI_DRIVER.o
 .debug_aranges
                0x0000000000000218       0x40 STM32F103C6_DRIVERS/USART/USART_DRIVER.o
 .debug_aranges
                0x0000000000000258       0x20 Src/main.o
 .debug_aranges
                0x0000000000000278       0x28 Startup/startup_stm32f103c6tx.o

.debug_ranges   0x0000000000000000      0x218
 .debug_ranges  0x0000000000000000       0x20 HAL/I2C_Slave_EEPROM/I2C_Slave_EEPROM.o
 .debug_ranges  0x0000000000000020       0x60 STM32F103C6_DRIVERS/EXTI/EXTI_DRIVER.o
 .debug_ranges  0x0000000000000080       0x48 STM32F103C6_DRIVERS/GPIO/GPIO_DRIVER.o
 .debug_ranges  0x00000000000000c8       0x88 STM32F103C6_DRIVERS/I2C/I2C_DRIVER.o
 .debug_ranges  0x0000000000000150       0x28 STM32F103C6_DRIVERS/RCC ( DEMO )/RCC_DRIVER.o
 .debug_ranges  0x0000000000000178       0x40 STM32F103C6_DRIVERS/SPI/SPI_DRIVER.o
 .debug_ranges  0x00000000000001b8       0x30 STM32F103C6_DRIVERS/USART/USART_DRIVER.o
 .debug_ranges  0x00000000000001e8       0x10 Src/main.o
 .debug_ranges  0x00000000000001f8       0x20 Startup/startup_stm32f103c6tx.o

.debug_macro    0x0000000000000000     0x2d48
 .debug_macro   0x0000000000000000      0x14f HAL/I2C_Slave_EEPROM/I2C_Slave_EEPROM.o
 .debug_macro   0x000000000000014f      0xa60 HAL/I2C_Slave_EEPROM/I2C_Slave_EEPROM.o
 .debug_macro   0x0000000000000baf       0x18 HAL/I2C_Slave_EEPROM/I2C_Slave_EEPROM.o
 .debug_macro   0x0000000000000bc7       0x22 HAL/I2C_Slave_EEPROM/I2C_Slave_EEPROM.o
 .debug_macro   0x0000000000000be9       0x40 HAL/I2C_Slave_EEPROM/I2C_Slave_EEPROM.o
 .debug_macro   0x0000000000000c29       0x94 HAL/I2C_Slave_EEPROM/I2C_Slave_EEPROM.o
 .debug_macro   0x0000000000000cbd       0x3c HAL/I2C_Slave_EEPROM/I2C_Slave_EEPROM.o
 .debug_macro   0x0000000000000cf9       0x34 HAL/I2C_Slave_EEPROM/I2C_Slave_EEPROM.o
 .debug_macro   0x0000000000000d2d       0x16 HAL/I2C_Slave_EEPROM/I2C_Slave_EEPROM.o
 .debug_macro   0x0000000000000d43      0x10e HAL/I2C_Slave_EEPROM/I2C_Slave_EEPROM.o
 .debug_macro   0x0000000000000e51       0x8d HAL/I2C_Slave_EEPROM/I2C_Slave_EEPROM.o
 .debug_macro   0x0000000000000ede       0x57 HAL/I2C_Slave_EEPROM/I2C_Slave_EEPROM.o
 .debug_macro   0x0000000000000f35       0x52 HAL/I2C_Slave_EEPROM/I2C_Slave_EEPROM.o
 .debug_macro   0x0000000000000f87       0x1f HAL/I2C_Slave_EEPROM/I2C_Slave_EEPROM.o
 .debug_macro   0x0000000000000fa6       0x43 HAL/I2C_Slave_EEPROM/I2C_Slave_EEPROM.o
 .debug_macro   0x0000000000000fe9       0x20 HAL/I2C_Slave_EEPROM/I2C_Slave_EEPROM.o
 .debug_macro   0x0000000000001009      0x1a3 HAL/I2C_Slave_EEPROM/I2C_Slave_EEPROM.o
 .debug_macro   0x00000000000011ac      0x330 HAL/I2C_Slave_EEPROM/I2C_Slave_EEPROM.o
 .debug_macro   0x00000000000014dc       0x16 HAL/I2C_Slave_EEPROM/I2C_Slave_EEPROM.o
 .debug_macro   0x00000000000014f2       0x29 HAL/I2C_Slave_EEPROM/I2C_Slave_EEPROM.o
 .debug_macro   0x000000000000151b       0xef HAL/I2C_Slave_EEPROM/I2C_Slave_EEPROM.o
 .debug_macro   0x000000000000160a       0x6a HAL/I2C_Slave_EEPROM/I2C_Slave_EEPROM.o
 .debug_macro   0x0000000000001674      0x1df HAL/I2C_Slave_EEPROM/I2C_Slave_EEPROM.o
 .debug_macro   0x0000000000001853      0x54c HAL/I2C_Slave_EEPROM/I2C_Slave_EEPROM.o
 .debug_macro   0x0000000000001d9f       0x6c HAL/I2C_Slave_EEPROM/I2C_Slave_EEPROM.o
 .debug_macro   0x0000000000001e0b      0x148 STM32F103C6_DRIVERS/EXTI/EXTI_DRIVER.o
 .debug_macro   0x0000000000001f53      0x13d STM32F103C6_DRIVERS/EXTI/EXTI_DRIVER.o
 .debug_macro   0x0000000000002090      0x13f STM32F103C6_DRIVERS/GPIO/GPIO_DRIVER.o
 .debug_macro   0x00000000000021cf      0x15d STM32F103C6_DRIVERS/I2C/I2C_DRIVER.o
 .debug_macro   0x000000000000232c       0x1c STM32F103C6_DRIVERS/I2C/I2C_DRIVER.o
 .debug_macro   0x0000000000002348       0x52 STM32F103C6_DRIVERS/I2C/I2C_DRIVER.o
 .debug_macro   0x000000000000239a      0x13f STM32F103C6_DRIVERS/RCC ( DEMO )/RCC_DRIVER.o
 .debug_macro   0x00000000000024d9       0x16 STM32F103C6_DRIVERS/RCC ( DEMO )/RCC_DRIVER.o
 .debug_macro   0x00000000000024ef      0x148 STM32F103C6_DRIVERS/SPI/SPI_DRIVER.o
 .debug_macro   0x0000000000002637       0xb8 STM32F103C6_DRIVERS/SPI/SPI_DRIVER.o
 .debug_macro   0x00000000000026ef      0x175 STM32F103C6_DRIVERS/USART/USART_DRIVER.o
 .debug_macro   0x0000000000002864       0x40 STM32F103C6_DRIVERS/USART/USART_DRIVER.o
 .debug_macro   0x00000000000028a4      0x23f Src/main.o
 .debug_macro   0x0000000000002ae3       0x8e Src/main.o
 .debug_macro   0x0000000000002b71       0x51 Src/main.o
 .debug_macro   0x0000000000002bc2       0x46 Src/main.o
 .debug_macro   0x0000000000002c08       0xbe Src/main.o
 .debug_macro   0x0000000000002cc6       0x72 Src/main.o
 .debug_macro   0x0000000000002d38       0x10 Src/main.o

.debug_line     0x0000000000000000     0x32c4
 .debug_line    0x0000000000000000      0x5bd HAL/I2C_Slave_EEPROM/I2C_Slave_EEPROM.o
 .debug_line    0x00000000000005bd      0x680 STM32F103C6_DRIVERS/EXTI/EXTI_DRIVER.o
 .debug_line    0x0000000000000c3d      0x636 STM32F103C6_DRIVERS/GPIO/GPIO_DRIVER.o
 .debug_line    0x0000000000001273      0x789 STM32F103C6_DRIVERS/I2C/I2C_DRIVER.o
 .debug_line    0x00000000000019fc      0x57f STM32F103C6_DRIVERS/RCC ( DEMO )/RCC_DRIVER.o
 .debug_line    0x0000000000001f7b      0x62d STM32F103C6_DRIVERS/SPI/SPI_DRIVER.o
 .debug_line    0x00000000000025a8      0x630 STM32F103C6_DRIVERS/USART/USART_DRIVER.o
 .debug_line    0x0000000000002bd8      0x668 Src/main.o
 .debug_line    0x0000000000003240       0x84 Startup/startup_stm32f103c6tx.o

.debug_str      0x0000000000000000     0xbcc1
 .debug_str     0x0000000000000000     0x8c8b HAL/I2C_Slave_EEPROM/I2C_Slave_EEPROM.o
                                       0x8f06 (size before relaxing)
 .debug_str     0x0000000000008c8b      0xcea STM32F103C6_DRIVERS/EXTI/EXTI_DRIVER.o
                                       0x974b (size before relaxing)
 .debug_str     0x0000000000009975       0xfc STM32F103C6_DRIVERS/GPIO/GPIO_DRIVER.o
                                       0x8d05 (size before relaxing)
 .debug_str     0x0000000000009a71      0x362 STM32F103C6_DRIVERS/I2C/I2C_DRIVER.o
                                       0x93dd (size before relaxing)
 .debug_str     0x0000000000009dd3       0x86 STM32F103C6_DRIVERS/RCC ( DEMO )/RCC_DRIVER.o
                                       0x8b7e (size before relaxing)
 .debug_str     0x0000000000009e59      0x705 STM32F103C6_DRIVERS/SPI/SPI_DRIVER.o
                                       0x9353 (size before relaxing)
 .debug_str     0x000000000000a55e      0x55b STM32F103C6_DRIVERS/USART/USART_DRIVER.o
                                       0x91e3 (size before relaxing)
 .debug_str     0x000000000000aab9     0x11d7 Src/main.o
                                       0xa577 (size before relaxing)
 .debug_str     0x000000000000bc90       0x31 Startup/startup_stm32f103c6tx.o
                                         0x52 (size before relaxing)

.comment        0x0000000000000000       0x7b
 .comment       0x0000000000000000       0x7b HAL/I2C_Slave_EEPROM/I2C_Slave_EEPROM.o
                                         0x7c (size before relaxing)
 .comment       0x000000000000007b       0x7c STM32F103C6_DRIVERS/EXTI/EXTI_DRIVER.o
 .comment       0x000000000000007b       0x7c STM32F103C6_DRIVERS/GPIO/GPIO_DRIVER.o
 .comment       0x000000000000007b       0x7c STM32F103C6_DRIVERS/I2C/I2C_DRIVER.o
 .comment       0x000000000000007b       0x7c STM32F103C6_DRIVERS/RCC ( DEMO )/RCC_DRIVER.o
 .comment       0x000000000000007b       0x7c STM32F103C6_DRIVERS/SPI/SPI_DRIVER.o
 .comment       0x000000000000007b       0x7c STM32F103C6_DRIVERS/USART/USART_DRIVER.o
 .comment       0x000000000000007b       0x7c Src/main.o

.debug_frame    0x0000000000000000      0x868
 .debug_frame   0x0000000000000000       0x80 HAL/I2C_Slave_EEPROM/I2C_Slave_EEPROM.o
 .debug_frame   0x0000000000000080      0x16c STM32F103C6_DRIVERS/EXTI/EXTI_DRIVER.o
 .debug_frame   0x00000000000001ec      0x148 STM32F103C6_DRIVERS/GPIO/GPIO_DRIVER.o
 .debug_frame   0x0000000000000334      0x260 STM32F103C6_DRIVERS/I2C/I2C_DRIVER.o
 .debug_frame   0x0000000000000594       0x8c STM32F103C6_DRIVERS/RCC ( DEMO )/RCC_DRIVER.o
 .debug_frame   0x0000000000000620      0x11c STM32F103C6_DRIVERS/SPI/SPI_DRIVER.o
 .debug_frame   0x000000000000073c       0xd0 STM32F103C6_DRIVERS/USART/USART_DRIVER.o
 .debug_frame   0x000000000000080c       0x30 Src/main.o
 .debug_frame   0x000000000000083c       0x2c c:/st/stm32cubeide_1.4.0/stm32cubeide/plugins/com.st.stm32cube.ide.mcu.externaltools.gnu-tools-for-stm32.7-2018-q2-update.win32_1.4.0.202007081208/tools/bin/../lib/gcc/arm-none-eabi/7.3.1/../../../../arm-none-eabi/lib/thumb/v7-m\libc_nano.a(lib_a-init.o)
