Archive member included to satisfy reference by file (symbol)

c:/st/stm32cubeide_1.4.0/stm32cubeide/plugins/com.st.stm32cube.ide.mcu.externaltools.gnu-tools-for-stm32.7-2018-q2-update.win32_1.4.0.202007081208/tools/bin/../lib/gcc/arm-none-eabi/7.3.1/../../../../arm-none-eabi/lib/thumb/v7-m\libc_nano.a(lib_a-errno.o)
                              Src/syscalls.o (__errno)
c:/st/stm32cubeide_1.4.0/stm32cubeide/plugins/com.st.stm32cube.ide.mcu.externaltools.gnu-tools-for-stm32.7-2018-q2-update.win32_1.4.0.202007081208/tools/bin/../lib/gcc/arm-none-eabi/7.3.1/../../../../arm-none-eabi/lib/thumb/v7-m\libc_nano.a(lib_a-exit.o)
                              c:/st/stm32cubeide_1.4.0/stm32cubeide/plugins/com.st.stm32cube.ide.mcu.externaltools.gnu-tools-for-stm32.7-2018-q2-update.win32_1.4.0.202007081208/tools/bin/../lib/gcc/arm-none-eabi/7.3.1/../../../../arm-none-eabi/lib/thumb/v7-m/crt0.o (exit)
c:/st/stm32cubeide_1.4.0/stm32cubeide/plugins/com.st.stm32cube.ide.mcu.externaltools.gnu-tools-for-stm32.7-2018-q2-update.win32_1.4.0.202007081208/tools/bin/../lib/gcc/arm-none-eabi/7.3.1/../../../../arm-none-eabi/lib/thumb/v7-m\libc_nano.a(lib_a-impure.o)
                              c:/st/stm32cubeide_1.4.0/stm32cubeide/plugins/com.st.stm32cube.ide.mcu.externaltools.gnu-tools-for-stm32.7-2018-q2-update.win32_1.4.0.202007081208/tools/bin/../lib/gcc/arm-none-eabi/7.3.1/../../../../arm-none-eabi/lib/thumb/v7-m\libc_nano.a(lib_a-exit.o) (_global_impure_ptr)
c:/st/stm32cubeide_1.4.0/stm32cubeide/plugins/com.st.stm32cube.ide.mcu.externaltools.gnu-tools-for-stm32.7-2018-q2-update.win32_1.4.0.202007081208/tools/bin/../lib/gcc/arm-none-eabi/7.3.1/../../../../arm-none-eabi/lib/thumb/v7-m\libc_nano.a(lib_a-init.o)
                              c:/st/stm32cubeide_1.4.0/stm32cubeide/plugins/com.st.stm32cube.ide.mcu.externaltools.gnu-tools-for-stm32.7-2018-q2-update.win32_1.4.0.202007081208/tools/bin/../lib/gcc/arm-none-eabi/7.3.1/../../../../arm-none-eabi/lib/thumb/v7-m/crt0.o (__libc_init_array)
c:/st/stm32cubeide_1.4.0/stm32cubeide/plugins/com.st.stm32cube.ide.mcu.externaltools.gnu-tools-for-stm32.7-2018-q2-update.win32_1.4.0.202007081208/tools/bin/../lib/gcc/arm-none-eabi/7.3.1/../../../../arm-none-eabi/lib/thumb/v7-m\libc_nano.a(lib_a-memset.o)
                              c:/st/stm32cubeide_1.4.0/stm32cubeide/plugins/com.st.stm32cube.ide.mcu.externaltools.gnu-tools-for-stm32.7-2018-q2-update.win32_1.4.0.202007081208/tools/bin/../lib/gcc/arm-none-eabi/7.3.1/../../../../arm-none-eabi/lib/thumb/v7-m/crt0.o (memset)
c:/st/stm32cubeide_1.4.0/stm32cubeide/plugins/com.st.stm32cube.ide.mcu.externaltools.gnu-tools-for-stm32.7-2018-q2-update.win32_1.4.0.202007081208/tools/bin/../lib/gcc/arm-none-eabi/7.3.1/../../../../arm-none-eabi/lib/thumb/v7-m\libc_nano.a(lib_a-sprintf.o)
                              HAL/LCD/lcd.o (sprintf)
c:/st/stm32cubeide_1.4.0/stm32cubeide/plugins/com.st.stm32cube.ide.mcu.externaltools.gnu-tools-for-stm32.7-2018-q2-update.win32_1.4.0.202007081208/tools/bin/../lib/gcc/arm-none-eabi/7.3.1/../../../../arm-none-eabi/lib/thumb/v7-m\libc_nano.a(lib_a-strcmp.o)
                              TERA_RTOS/Scheduler.o (strcmp)
c:/st/stm32cubeide_1.4.0/stm32cubeide/plugins/com.st.stm32cube.ide.mcu.externaltools.gnu-tools-for-stm32.7-2018-q2-update.win32_1.4.0.202007081208/tools/bin/../lib/gcc/arm-none-eabi/7.3.1/../../../../arm-none-eabi/lib/thumb/v7-m\libc_nano.a(lib_a-nano-svfprintf.o)
                              c:/st/stm32cubeide_1.4.0/stm32cubeide/plugins/com.st.stm32cube.ide.mcu.externaltools.gnu-tools-for-stm32.7-2018-q2-update.win32_1.4.0.202007081208/tools/bin/../lib/gcc/arm-none-eabi/7.3.1/../../../../arm-none-eabi/lib/thumb/v7-m\libc_nano.a(lib_a-sprintf.o) (_svfprintf_r)
c:/st/stm32cubeide_1.4.0/stm32cubeide/plugins/com.st.stm32cube.ide.mcu.externaltools.gnu-tools-for-stm32.7-2018-q2-update.win32_1.4.0.202007081208/tools/bin/../lib/gcc/arm-none-eabi/7.3.1/../../../../arm-none-eabi/lib/thumb/v7-m\libc_nano.a(lib_a-nano-vfprintf_i.o)
                              c:/st/stm32cubeide_1.4.0/stm32cubeide/plugins/com.st.stm32cube.ide.mcu.externaltools.gnu-tools-for-stm32.7-2018-q2-update.win32_1.4.0.202007081208/tools/bin/../lib/gcc/arm-none-eabi/7.3.1/../../../../arm-none-eabi/lib/thumb/v7-m\libc_nano.a(lib_a-nano-svfprintf.o) (_printf_i)
c:/st/stm32cubeide_1.4.0/stm32cubeide/plugins/com.st.stm32cube.ide.mcu.externaltools.gnu-tools-for-stm32.7-2018-q2-update.win32_1.4.0.202007081208/tools/bin/../lib/gcc/arm-none-eabi/7.3.1/../../../../arm-none-eabi/lib/thumb/v7-m\libc_nano.a(lib_a-memchr-stub.o)
                              c:/st/stm32cubeide_1.4.0/stm32cubeide/plugins/com.st.stm32cube.ide.mcu.externaltools.gnu-tools-for-stm32.7-2018-q2-update.win32_1.4.0.202007081208/tools/bin/../lib/gcc/arm-none-eabi/7.3.1/../../../../arm-none-eabi/lib/thumb/v7-m\libc_nano.a(lib_a-nano-svfprintf.o) (memchr)
[...]
Memory Configuration

Name             Origin             Length             Attributes
RAM              0x0000000020000000 0x0000000000002800 xrw
ROM              0x0000000008000000 0x0000000000008000 xr
*default*        0x0000000000000000 0xffffffffffffffff

Linker script and memory map

LOAD c:/st/stm32cubeide_1.4.0/stm32cubeide/plugins/com.st.stm32cube.ide.mcu.externaltools.gnu-tools-for-stm32.7-2018-q2-update.win32_1.4.0.202007081208/tools/bin/../lib/gcc/arm-none-eabi/7.3.1/thumb/v7-m/crti.o
LOAD c:/st/stm32cubeide_1.4.0/stm32cubeide/plugins/com.st.stm32cube.ide.mcu.externaltools.gnu-tools-for-stm32.7-2018-q2-update.win32_1.4.0.202007081208/tools/bin/../lib/gcc/arm-none-eabi/7.3.1/thumb/v7-m/crtbegin.o
LOAD c:/st/stm32cubeide_1.4.0/stm32cubeide/plugins/com.st.stm32cube.ide.mcu.externaltools.gnu-tools-for-stm32.7-2018-q2-update.win32_1.4.0.202007081208/tools/bin/../lib/gcc/arm-none-eabi/7.3.1/../../../../arm-none-eabi/lib/thumb/v7-m/crt0.o
LOAD HAL/I2C_Slave_EEPROM/I2C_Slave_EEPROM.o
LOAD HAL/KEYPAD/keypad.o
LOAD HAL/LCD/lcd.o
LOAD STM32F103C6_DRIVERS/EXTI/EXTI_DRIVER.o
LOAD STM32F103C6_DRIVERS/GPIO/GPIO_DRIVER.o
LOAD STM32F103C6_DRIVERS/I2C/I2C_DRIVER.o
LOAD STM32F103C6_DRIVERS/RCC ( DEMO )/RCC_DRIVER.o
LOAD STM32F103C6_DRIVERS/SPI/SPI_DRIVER.o
LOAD STM32F103C6_DRIVERS/USART/USART_DRIVER.o
LOAD Src/main.o
LOAD Src/syscalls.o
LOAD Src/sysmem.o
LOAD Startup/startup_stm32f103c6tx.o
LOAD TERA_RTOS/CortexMx_OS_Porting.o
LOAD TERA_RTOS/Scheduler.o
LOAD TERA_RTOS/TERA_RTOS_FIFO.o
START GROUP
LOAD c:/st/stm32cubeide_1.4.0/stm32cubeide/plugins/com.st.stm32cube.ide.mcu.externaltools.gnu-tools-for-stm32.7-2018-q2-update.win32_1.4.0.202007081208/tools/bin/../lib/gcc/arm-none-eabi/7.3.1/../../../../arm-none-eabi/lib/thumb/v7-m\libc_nano.a
LOAD c:/st/stm32cubeide_1.4.0/stm32cubeide/plugins/com.st.stm32cube.ide.mcu.externaltools.gnu-tools-for-stm32.7-2018-q2-update.win32_1.4.0.202007081208/tools/bin/../lib/gcc/arm-none-eabi/7.3.1/../../../../arm-none-eabi/lib/thumb/v7-m\libm.a
END GROUP
START GROUP
LOAD c:/st/stm32cubeide_1.4.0/stm32cubeide/plugins/com.st.stm32cube.ide.mcu.externaltools.gnu-tools-for-stm32.7-2018-q2-update.win32_1.4.0.202007081208/tools/bin/../lib/gcc/arm-none-eabi/7.3.1/thumb/v7-m\libgcc.a
LOAD c:/st/stm32cubeide_1.4.0/stm32cubeide/plugins/com.st.stm32cube.ide.mcu.externaltools.gnu-tools-for-stm32.7-2018-q2-update.win32_1.4.0.202007081208/tools/bin/../lib/gcc/arm-none-eabi/7.3.1/../../../../arm-none-eabi/lib/thumb/v7-m\libg_nano.a
LOAD c:/st/stm32cubeide_1.4.0/stm32cubeide/plugins/com.st.stm32cube.ide.mcu.externaltools.gnu-tools-for-stm32.7-2018-q2-update.win32_1.4.0.202007081208/tools/bin/../lib/gcc/arm-none-eabi/7.3.1/../../../../arm-none-eabi/lib/thumb/v7-m\libc_nano.a
END GROUP
START GROUP
LOAD c:/st/stm32cubeide_1.4.0/stm32cubeide/plugins/com.st.stm32cube.ide.mcu.externaltools.gnu-tools-for-stm32.7-2018-q2-update.win32_1.4.0.202007081208/tools/bin/../lib/gcc/arm-none-eabi/7.3.1/thumb/v7-m\libgcc.a
LOAD c:/st/stm32cubeide_1.4.0/stm32cubeide/plugins/com.st.stm32cube.ide.mcu.externaltools.gnu-tools-for-stm32.7-2018-q2-update.win32_1.4.0.202007081208/tools/bin/../lib/gcc/arm-none-eabi/7.3.1/../../../../arm-none-eabi/lib/thumb/v7-m\libc_nano.a
LOAD c:/st/stm32cubeide_1.4.0/stm32cubeide/plugins/com.st.stm32cube.ide.mcu.externaltools.gnu-tools-for-stm32.7-2018-q2-update.win32_1.4.0.202007081208/tools/bin/../lib/gcc/arm-none-eabi/7.3.1/../../../../arm-none-eabi/lib/thumb/v7-m\libnosys.a
END GROUP
START GROUP
LOAD c:/st/stm32cubeide_1.4.0/stm32cubeide/plugins/com.st.stm32cube.ide.mcu.externaltools.gnu-tools-for-stm32.7-2018-q2-update.win32_1.4.0.202007081208/tools/bin/../lib/gcc/arm-none-eabi/7.3.1/thumb/v7-m\libgcc.a
LOAD c:/st/stm32cubeide_1.4.0/stm32cubeide/plugins/com.st.stm32cube.ide.mcu.externaltools.gnu-tools-for-stm32.7-2018-q2-update.win32_1.4.0.202007081208/tools/bin/../lib/gcc/arm-none-eabi/7.3.1/../../../../arm-none-eabi/lib/thumb/v7-m\libc_nano.a
LOAD c:/st/stm32cubeide_1.4.0/stm32cubeide/plugins/com.st.stm32cube.ide.mcu.externaltools.gnu-tools-for-stm32.7-2018-q2-update.win32_1.4.0.202007081208/tools/bin/../lib/gcc/arm-none-eabi/7.3.1/../../../../arm-none-eabi/lib/thumb/v7-m\libnosys.a
END GROUP
LOAD c:/st/stm32cubeide_1.4.0/stm32cubeide/plugins/com.st.stm32cube.ide.mcu.externaltools.gnu-tools-for-stm32.7-2018-q2-update.win32_1.4.0.202007081208/tools/bin/../lib/gcc/arm-none-eabi/7.3.1/thumb/v7-m/crtend.o
LOAD c:/st/stm32cubeide_1.4.0/stm32cubeide/plugins/com.st.stm32cube.ide.mcu.externaltools.gnu-tools-for-stm32.7-2018-q2-update.win32_1.4.0.202007081208/tools/bin/../lib/gcc/arm-none-eabi/7.3.1/thumb/v7-m/crtn.o
                0x0000000020002800                _estack = (ORIGIN (RAM) + LENGTH (RAM))
                0x0000000000000200                _Min_Heap_Size = 0x200
                0x0000000000000400                _Min_Stack_Size = 0x400

.isr_vector     0x0000000008000000      0x130
                0x0000000008000000                . = ALIGN (0x4)
 *(.isr_vector)
 .isr_vector    0x0000000008000000      0x130 Startup/startup_stm32f103c6tx.o
                0x0000000008000000                g_pfnVectors
                0x0000000008000130                . = ALIGN (0x4)

.text           0x0000000008000130     0x1558
                0x0000000008000130                . = ALIGN (0x4)
 *(.text)
 .text          0x0000000008000130       0x40 c:/st/stm32cubeide_1.4.0/stm32cubeide/plugins/com.st.stm32cube.ide.mcu.externaltools.gnu-tools-for-stm32.7-2018-q2-update.win32_1.4.0.202007081208/tools/bin/../lib/gcc/arm-none-eabi/7.3.1/thumb/v7-m/crtbegin.o
 .text          0x0000000008000170       0x14 c:/st/stm32cubeide_1.4.0/stm32cubeide/plugins/com.st.stm32cube.ide.mcu.externaltools.gnu-tools-for-stm32.7-2018-q2-update.win32_1.4.0.202007081208/tools/bin/../lib/gcc/arm-none-eabi/7.3.1/../../../../arm-none-eabi/lib/thumb/v7-m\libc_nano.a(lib_a-strcmp.o)
                0x0000000008000170                strcmp
 *(.text*)
 .text.EXTI0_IRQHandler
                0x0000000008000184       0x24 STM32F103C6_DRIVERS/EXTI/EXTI_DRIVER.o
                0x0000000008000184                EXTI0_IRQHandler
 .text.EXTI1_IRQHandler
                0x00000000080001a8       0x24 STM32F103C6_DRIVERS/EXTI/EXTI_DRIVER.o
                0x00000000080001a8                EXTI1_IRQHandler
 .text.EXTI2_IRQHandler
                0x00000000080001cc       0x24 STM32F103C6_DRIVERS/EXTI/EXTI_DRIVER.o
                0x00000000080001cc                EXTI2_IRQHandler
 .text.EXTI3_IRQHandler
                0x00000000080001f0       0x24 STM32F103C6_DRIVERS/EXTI/EXTI_DRIVER.o
                0x00000000080001f0                EXTI3_IRQHandler
 .text.EXTI4_IRQHandler
                0x0000000008000214       0x24 STM32F103C6_DRIVERS/EXTI/EXTI_DRIVER.o
                0x0000000008000214                EXTI4_IRQHandler
 .text.EXTI9_5_IRQHandler
                0x0000000008000238       0xa8 STM32F103C6_DRIVERS/EXTI/EXTI_DRIVER.o
                0x0000000008000238                EXTI9_5_IRQHandler
 .text.EXTI15_10_IRQHandler
                0x00000000080002e0       0xd0 STM32F103C6_DRIVERS/EXTI/EXTI_DRIVER.o
                0x00000000080002e0                EXTI15_10_IRQHandler
 .text.get_CRLH_position
                0x00000000080003b0       0xa0 STM32F103C6_DRIVERS/GPIO/GPIO_DRIVER.o
                0x00000000080003b0                get_CRLH_position
 .text.MCAL_GPIO_Init
                0x0000000008000450       0xfe STM32F103C6_DRIVERS/GPIO/GPIO_DRIVER.o
                0x0000000008000450                MCAL_GPIO_Init
 .text.MCAL_GPIO_WritePin
                0x000000000800054e       0x3c STM32F103C6_DRIVERS/GPIO/GPIO_DRIVER.o
                0x000000000800054e                MCAL_GPIO_WritePin
 .text.I2C1_ER_IRQHandler
                0x000000000800058a        0xc STM32F103C6_DRIVERS/I2C/I2C_DRIVER.o
                0x000000000800058a                I2C1_ER_IRQHandler
 .text.I2C1_EV_IRQHandler
                0x0000000008000596        0xc STM32F103C6_DRIVERS/I2C/I2C_DRIVER.o
                0x0000000008000596                I2C1_EV_IRQHandler
 .text.I2C2_ER_IRQHandler
                0x00000000080005a2        0xc STM32F103C6_DRIVERS/I2C/I2C_DRIVER.o
                0x00000000080005a2                I2C2_ER_IRQHandler
 .text.I2C2_EV_IRQHandler
                0x00000000080005ae        0xc STM32F103C6_DRIVERS/I2C/I2C_DRIVER.o
                0x00000000080005ae                I2C2_EV_IRQHandler
 *fill*         0x00000000080005ba        0x2 
 .text.RCC_Get_SYSCLK
                0x00000000080005bc       0x44 STM32F103C6_DRIVERS/RCC ( DEMO )/RCC_DRIVER.o
                0x00000000080005bc                RCC_Get_SYSCLK
 .text.RCC_Get_HCLK
                0x0000000008000600       0x28 STM32F103C6_DRIVERS/RCC ( DEMO )/RCC_DRIVER.o
                0x0000000008000600                RCC_Get_HCLK
 .text.RCC_Get_PCLK2
                0x0000000008000628       0x28 STM32F103C6_DRIVERS/RCC ( DEMO )/RCC_DRIVER.o
                0x0000000008000628                RCC_Get_PCLK2
 .text.MCAL_SPI_INIT
                0x0000000008000650      0x12c STM32F103C6_DRIVERS/SPI/SPI_DRIVER.o
                0x0000000008000650                MCAL_SPI_INIT
 .text.MCAL_SPI_GPIO_SET_PINS
                0x000000000800077c      0x1f4 STM32F103C6_DRIVERS/SPI/SPI_DRIVER.o
                0x000000000800077c                MCAL_SPI_GPIO_SET_PINS
 .text.MCAL_SPI_TX_RX
                0x0000000008000970       0x52 STM32F103C6_DRIVERS/SPI/SPI_DRIVER.o
                0x0000000008000970                MCAL_SPI_TX_RX
 *fill*         0x00000000080009c2        0x2 
 .text.SPI1_IRQHandler
                0x00000000080009c4       0x58 STM32F103C6_DRIVERS/SPI/SPI_DRIVER.o
                0x00000000080009c4                SPI1_IRQHandler
 .text.SPI2_IRQHandler
                0x0000000008000a1c       0x58 STM32F103C6_DRIVERS/SPI/SPI_DRIVER.o
                0x0000000008000a1c                SPI2_IRQHandler
 .text.MCAL_USART_Init
                0x0000000008000a74      0x1b8 STM32F103C6_DRIVERS/USART/USART_DRIVER.o
                0x0000000008000a74                MCAL_USART_Init
 .text.MCAL_USART_SendChar
                0x0000000008000c2c       0x60 STM32F103C6_DRIVERS/USART/USART_DRIVER.o
                0x0000000008000c2c                MCAL_USART_SendChar
 .text.MCAL_USART_ReceiveChar
                0x0000000008000c8c       0x80 STM32F103C6_DRIVERS/USART/USART_DRIVER.o
                0x0000000008000c8c                MCAL_USART_ReceiveChar
 .text.MCAL_USART_GPIO_Pins_Config
                0x0000000008000d0c       0xc4 STM32F103C6_DRIVERS/USART/USART_DRIVER.o
                0x0000000008000d0c                MCAL_USART_GPIO_Pins_Config
 .text.USART1_IRQHandler
                0x0000000008000dd0       0x64 STM32F103C6_DRIVERS/USART/USART_DRIVER.o
                0x0000000008000dd0                USART1_IRQHandler
 .text.Usart_callback
                0x0000000008000e34       0x50 Src/main.o
                0x0000000008000e34                Usart_callback
 .text.clock_init
                0x0000000008000e84       0x40 Src/main.o
                0x0000000008000e84                clock_init
 .text.main     0x0000000008000ec4       0xac Src/main.o
                0x0000000008000ec4                main
 .text.Reset_Handler
                0x0000000008000f70       0x50 Startup/startup_stm32f103c6tx.o
                0x0000000008000f70                Reset_Handler
 .text.Default_Handler
                0x0000000008000fc0        0x2 Startup/startup_stm32f103c6tx.o
                0x0000000008000fc0                TIM8_TRG_COM_IRQHandler
                0x0000000008000fc0                TIM8_CC_IRQHandler
                0x0000000008000fc0                DebugMon_Handler
                0x0000000008000fc0                TIM1_CC_IRQHandler
                0x0000000008000fc0                TIM6_IRQHandler
                0x0000000008000fc0                PVD_IRQHandler
                0x0000000008000fc0                SDIO_IRQHandler
                0x0000000008000fc0                NMI_Handler
                0x0000000008000fc0                USB_HP_CAN_TX_IRQHandler
                0x0000000008000fc0                ADC1_2_IRQHandler
                0x0000000008000fc0                CAN_SCE_IRQHandler
                0x0000000008000fc0                TAMPER_IRQHandler
                0x0000000008000fc0                TIM8_UP_IRQHandler
                0x0000000008000fc0                DMA2_Channel2_IRQHandler
                0x0000000008000fc0                DMA1_Channel4_IRQHandler
                0x0000000008000fc0                USART3_IRQHandler
                0x0000000008000fc0                RTC_IRQHandler
                0x0000000008000fc0                DMA1_Channel7_IRQHandler
                0x0000000008000fc0                UART5_IRQHandler
                0x0000000008000fc0                ADC3_IRQHandler
                0x0000000008000fc0                TIM4_IRQHandler
                0x0000000008000fc0                CAN_RX1_IRQHandler
                0x0000000008000fc0                DMA2_Channel1_IRQHandler
                0x0000000008000fc0                DMA1_Channel6_IRQHandler
                0x0000000008000fc0                UART4_IRQHandler
                0x0000000008000fc0                TIM3_IRQHandler
                0x0000000008000fc0                RCC_IRQHandler
                0x0000000008000fc0                TIM1_TRG_COM_IRQHandler
                0x0000000008000fc0                DMA1_Channel1_IRQHandler
                0x0000000008000fc0                Default_Handler
                0x0000000008000fc0                TIM7_IRQHandler
                0x0000000008000fc0                TIM5_IRQHandler
                0x0000000008000fc0                USB_LP_CAN_RX0_IRQHandler
                0x0000000008000fc0                DMA1_Channel5_IRQHandler
                0x0000000008000fc0                DMA1_Channel3_IRQHandler
                0x0000000008000fc0                FSMC_IRQHandler
                0x0000000008000fc0                TIM1_UP_IRQHandler
                0x0000000008000fc0                WWDG_IRQHandler
                0x0000000008000fc0                TIM2_IRQHandler
                0x0000000008000fc0                TIM1_BRK_IRQHandler
                0x0000000008000fc0                RTCAlarm_IRQHandler
                0x0000000008000fc0                DMA2_Channel4_5_IRQHandler
                0x0000000008000fc0                USART2_IRQHandler
                0x0000000008000fc0                DMA1_Channel2_IRQHandler
                0x0000000008000fc0                TIM8_BRK_IRQHandler
                0x0000000008000fc0                FLASH_IRQHandler
                0x0000000008000fc0                SPI3_IRQHandler
                0x0000000008000fc0                DMA2_Channel3_IRQHandler
 .text.HardFault_Handler
                0x0000000008000fc2        0x6 TERA_RTOS/CortexMx_OS_Porting.o
                0x0000000008000fc2                HardFault_Handler
 .text.MemManage_Handler
                0x0000000008000fc8        0x6 TERA_RTOS/CortexMx_OS_Porting.o
                0x0000000008000fc8                MemManage_Handler
 .text.BusFault_Handler
                0x0000000008000fce        0x6 TERA_RTOS/CortexMx_OS_Porting.o
                0x0000000008000fce                BusFault_Handler
 .text.UsageFault_Handler
                0x0000000008000fd4        0x6 TERA_RTOS/CortexMx_OS_Porting.o
                0x0000000008000fd4                UsageFault_Handler
 .text.SVC_Handler
                0x0000000008000fda       0x14 TERA_RTOS/CortexMx_OS_Porting.o
                0x0000000008000fda                SVC_Handler
 *fill*         0x0000000008000fee        0x2 
 .text.trigger_OS_PendSV
                0x0000000008000ff0       0x1c TERA_RTOS/CortexMx_OS_Porting.o
                0x0000000008000ff0                trigger_OS_PendSV
 .text.SysTick_Handler
                0x000000000800100c       0x28 TERA_RTOS/CortexMx_OS_Porting.o
                0x000000000800100c                SysTick_Handler
 .text.BubbleSort
                0x0000000008001034       0x98 TERA_RTOS/Scheduler.o
                0x0000000008001034                BubbleSort
 .text.teraRTOS_Update_SchedulerTable
                0x00000000080010cc       0xd0 TERA_RTOS/Scheduler.o
                0x00000000080010cc                teraRTOS_Update_SchedulerTable
 .text.Decide_WhatNext
                0x000000000800119c       0xa4 TERA_RTOS/Scheduler.o
                0x000000000800119c                Decide_WhatNext
 .text.OS_SVC_services
                0x0000000008001240       0x6c TERA_RTOS/Scheduler.o
                0x0000000008001240                OS_SVC_services
 .text.PendSV_Handler
                0x00000000080012ac      0x1c0 TERA_RTOS/Scheduler.o
                0x00000000080012ac                PendSV_Handler
 .text.teraRTOS_OS_SVC_Set
                0x000000000800146c       0x30 TERA_RTOS/Scheduler.o
                0x000000000800146c                teraRTOS_OS_SVC_Set
 .text.teraRTOS_Update_TaskWaitingTime
                0x000000000800149c       0x8c TERA_RTOS/Scheduler.o
                0x000000000800149c                teraRTOS_Update_TaskWaitingTime
 .text.FIFO_enqueue
                0x0000000008001528       0x84 TERA_RTOS/TERA_RTOS_FIFO.o
                0x0000000008001528                FIFO_enqueue
 .text.FIFO_dequeue
                0x00000000080015ac       0x7a TERA_RTOS/TERA_RTOS_FIFO.o
                0x00000000080015ac                FIFO_dequeue
 *fill*         0x0000000008001626        0x2 
 .text.__libc_init_array
                0x0000000008001628       0x48 c:/st/stm32cubeide_1.4.0/stm32cubeide/plugins/com.st.stm32cube.ide.mcu.externaltools.gnu-tools-for-stm32.7-2018-q2-update.win32_1.4.0.202007081208/tools/bin/../lib/gcc/arm-none-eabi/7.3.1/../../../../arm-none-eabi/lib/thumb/v7-m\libc_nano.a(lib_a-init.o)
                0x0000000008001628                __libc_init_array
 *(.glue_7)
 .glue_7        0x0000000008001670        0x0 linker stubs
 *(.glue_7t)
 .glue_7t       0x0000000008001670        0x0 linker stubs
 *(.eh_frame)
 .eh_frame      0x0000000008001670        0x0 c:/st/stm32cubeide_1.4.0/stm32cubeide/plugins/com.st.stm32cube.ide.mcu.externaltools.gnu-tools-for-stm32.7-2018-q2-update.win32_1.4.0.202007081208/tools/bin/../lib/gcc/arm-none-eabi/7.3.1/thumb/v7-m/crtbegin.o
 *(.init)
 .init          0x0000000008001670        0x4 c:/st/stm32cubeide_1.4.0/stm32cubeide/plugins/com.st.stm32cube.ide.mcu.externaltools.gnu-tools-for-stm32.7-2018-q2-update.win32_1.4.0.202007081208/tools/bin/../lib/gcc/arm-none-eabi/7.3.1/thumb/v7-m/crti.o
                0x0000000008001670                _init
 .init          0x0000000008001674        0x8 c:/st/stm32cubeide_1.4.0/stm32cubeide/plugins/com.st.stm32cube.ide.mcu.externaltools.gnu-tools-for-stm32.7-2018-q2-update.win32_1.4.0.202007081208/tools/bin/../lib/gcc/arm-none-eabi/7.3.1/thumb/v7-m/crtn.o
 *(.fini)
 .fini          0x000000000800167c        0x4 c:/st/stm32cubeide_1.4.0/stm32cubeide/plugins/com.st.stm32cube.ide.mcu.externaltools.gnu-tools-for-stm32.7-2018-q2-update.win32_1.4.0.202007081208/tools/bin/../lib/gcc/arm-none-eabi/7.3.1/thumb/v7-m/crti.o
                0x000000000800167c                _fini
 .fini          0x0000000008001680        0x8 c:/st/stm32cubeide_1.4.0/stm32cubeide/plugins/com.st.stm32cube.ide.mcu.externaltools.gnu-tools-for-stm32.7-2018-q2-update.win32_1.4.0.202007081208/tools/bin/../lib/gcc/arm-none-eabi/7.3.1/thumb/v7-m/crtn.o
                0x0000000008001688                . = ALIGN (0x4)
                0x0000000008001688                _etext = .

.vfp11_veneer   0x0000000008001688        0x0
 .vfp11_veneer  0x0000000008001688        0x0 linker stubs

.v4_bx          0x0000000008001688        0x0
 .v4_bx         0x0000000008001688        0x0 linker stubs

.iplt           0x0000000008001688        0x0
 .iplt          0x0000000008001688        0x0 c:/st/stm32cubeide_1.4.0/stm32cubeide/plugins/com.st.stm32cube.ide.mcu.externaltools.gnu-tools-for-stm32.7-2018-q2-update.win32_1.4.0.202007081208/tools/bin/../lib/gcc/arm-none-eabi/7.3.1/thumb/v7-m/crtbegin.o

.rodata         0x0000000008001688        0xc
                0x0000000008001688                . = ALIGN (0x4)
 *(.rodata)
 .rodata        0x0000000008001688        0x9 TERA_RTOS/Scheduler.o
 *(.rodata*)
                0x0000000008001694                . = ALIGN (0x4)
 *fill*         0x0000000008001691        0x3 

.rel.dyn        0x0000000008001694        0x0
 .rel.iplt      0x0000000008001694        0x0 c:/st/stm32cubeide_1.4.0/stm32cubeide/plugins/com.st.stm32cube.ide.mcu.externaltools.gnu-tools-for-stm32.7-2018-q2-update.win32_1.4.0.202007081208/tools/bin/../lib/gcc/arm-none-eabi/7.3.1/thumb/v7-m/crtbegin.o

.ARM.extab      0x0000000008001694        0x0
                0x0000000008001694                . = ALIGN (0x4)
 *(.ARM.extab* .gnu.linkonce.armextab.*)
                0x0000000008001694                . = ALIGN (0x4)

.ARM            0x0000000008001694        0x0
                0x0000000008001694                . = ALIGN (0x4)
                0x0000000008001694                __exidx_start = .
 *(.ARM.exidx*)
                0x0000000008001694                __exidx_end = .
                0x0000000008001694                . = ALIGN (0x4)

.preinit_array  0x0000000008001694        0x0
                0x0000000008001694                . = ALIGN (0x4)
                0x0000000008001694                PROVIDE (__preinit_array_start = .)
 *(.preinit_array*)
                0x0000000008001694                PROVIDE (__preinit_array_end = .)
                0x0000000008001694                . = ALIGN (0x4)

.init_array     0x0000000008001694        0x4
                0x0000000008001694                . = ALIGN (0x4)
                0x0000000008001694                PROVIDE (__init_array_start = .)
 *(SORT_BY_NAME(.init_array.*))
 *(.init_array*)
 .init_array    0x0000000008001694        0x4 c:/st/stm32cubeide_1.4.0/stm32cubeide/plugins/com.st.stm32cube.ide.mcu.externaltools.gnu-tools-for-stm32.7-2018-q2-update.win32_1.4.0.202007081208/tools/bin/../lib/gcc/arm-none-eabi/7.3.1/thumb/v7-m/crtbegin.o
                0x0000000008001698                PROVIDE (__init_array_end = .)
                0x0000000008001698                . = ALIGN (0x4)

.fini_array     0x0000000008001698        0x4
                0x0000000008001698                . = ALIGN (0x4)
                [!provide]                        PROVIDE (__fini_array_start = .)
 *(SORT_BY_NAME(.fini_array.*))
 *(.fini_array*)
 .fini_array    0x0000000008001698        0x4 c:/st/stm32cubeide_1.4.0/stm32cubeide/plugins/com.st.stm32cube.ide.mcu.externaltools.gnu-tools-for-stm32.7-2018-q2-update.win32_1.4.0.202007081208/tools/bin/../lib/gcc/arm-none-eabi/7.3.1/thumb/v7-m/crtbegin.o
                [!provide]                        PROVIDE (__fini_array_end = .)
                0x000000000800169c                . = ALIGN (0x4)
                0x000000000800169c                _sidata = LOADADDR (.data)

.data           0x0000000020000000       0x18 load address 0x000000000800169c
                0x0000000020000000                . = ALIGN (0x4)
                0x0000000020000000                _sdata = .
 *(.data)
 *(.data*)
 .data.AHB_Prescaler
                0x0000000020000000       0x10 STM32F103C6_DRIVERS/RCC ( DEMO )/RCC_DRIVER.o
                0x0000000020000000                AHB_Prescaler
 .data.APB2_Prescaler
                0x0000000020000010        0x8 STM32F103C6_DRIVERS/RCC ( DEMO )/RCC_DRIVER.o
                0x0000000020000010                APB2_Prescaler
                0x0000000020000018                . = ALIGN (0x4)
                0x0000000020000018                _edata = .

.igot.plt       0x0000000020000018        0x0 load address 0x00000000080016b4
 .igot.plt      0x0000000020000018        0x0 c:/st/stm32cubeide_1.4.0/stm32cubeide/plugins/com.st.stm32cube.ide.mcu.externaltools.gnu-tools-for-stm32.7-2018-q2-update.win32_1.4.0.202007081208/tools/bin/../lib/gcc/arm-none-eabi/7.3.1/thumb/v7-m/crtbegin.o
                0x0000000020000018                . = ALIGN (0x4)

.bss            0x0000000020000018      0x408 load address 0x00000000080016b4
                0x0000000020000018                _sbss = .
                0x0000000020000018                __bss_start__ = _sbss
 *(.bss)
 .bss           0x0000000020000018       0x1c c:/st/stm32cubeide_1.4.0/stm32cubeide/plugins/com.st.stm32cube.ide.mcu.externaltools.gnu-tools-for-stm32.7-2018-q2-update.win32_1.4.0.202007081208/tools/bin/../lib/gcc/arm-none-eabi/7.3.1/thumb/v7-m/crtbegin.o
 *(.bss*)
 .bss.Global_SPI_Config
                0x0000000020000034        0x8 STM32F103C6_DRIVERS/SPI/SPI_DRIVER.o
                0x0000000020000034                Global_SPI_Config
 .bss.TX_flag1  0x000000002000003c        0x1 STM32F103C6_DRIVERS/USART/USART_DRIVER.o
                0x000000002000003c                TX_flag1
 .bss.RX_flag2  0x000000002000003d        0x1 STM32F103C6_DRIVERS/USART/USART_DRIVER.o
                0x000000002000003d                RX_flag2
 .bss.TC_flag3  0x000000002000003e        0x1 STM32F103C6_DRIVERS/USART/USART_DRIVER.o
                0x000000002000003e                TC_flag3
 *fill*         0x000000002000003f        0x1 
 .bss.Global_USART_Config_s
                0x0000000020000040        0x4 STM32F103C6_DRIVERS/USART/USART_DRIVER.o
                0x0000000020000040                Global_USART_Config_s
 .bss.SysTickLED
                0x0000000020000044        0x1 TERA_RTOS/CortexMx_OS_Porting.o
                0x0000000020000044                SysTickLED
 *(COMMON)
 *fill*         0x0000000020000045        0x3 
 COMMON         0x0000000020000048       0x3c STM32F103C6_DRIVERS/EXTI/EXTI_DRIVER.o
                0x0000000020000048                GP_IRQ_CallBack
 COMMON         0x0000000020000084        0x2 Src/main.o
                0x0000000020000084                key
 *fill*         0x0000000020000086        0x2 
 COMMON         0x0000000020000088      0x398 TERA_RTOS/Scheduler.o
                0x0000000020000088                teraRTOS_idleTask
                0x00000000200000cc                Ready_Queue
                0x00000000200000e0                idleTaskLED
                0x00000000200000e4                READY_QUEUE_FIFO
                0x0000000020000274                OS_Control
                0x0000000020000420                . = ALIGN (0x4)
                0x0000000020000420                _ebss = .
                0x0000000020000420                __bss_end__ = _ebss

._user_heap_stack
                0x0000000020000420      0x600 load address 0x00000000080016b4
                0x0000000020000420                . = ALIGN (0x8)
                [!provide]                        PROVIDE (end = .)
                0x0000000020000420                PROVIDE (_end = .)
                0x0000000020000620                . = (. + _Min_Heap_Size)
 *fill*         0x0000000020000420      0x200 
                0x0000000020000a20                . = (. + _Min_Stack_Size)
 *fill*         0x0000000020000620      0x400 
                0x0000000020000a20                . = ALIGN (0x8)
                0x0000000020000a20                _eheap = .

/DISCARD/
 libc.a(*)
 libm.a(*)
 libgcc.a(*)

.ARM.attributes
                0x0000000000000000       0x29
 *(.ARM.attributes)
 .ARM.attributes
                0x0000000000000000       0x1d c:/st/stm32cubeide_1.4.0/stm32cubeide/plugins/com.st.stm32cube.ide.mcu.externaltools.gnu-tools-for-stm32.7-2018-q2-update.win32_1.4.0.202007081208/tools/bin/../lib/gcc/arm-none-eabi/7.3.1/thumb/v7-m/crti.o
 .ARM.attributes
                0x000000000000001d       0x2d c:/st/stm32cubeide_1.4.0/stm32cubeide/plugins/com.st.stm32cube.ide.mcu.externaltools.gnu-tools-for-stm32.7-2018-q2-update.win32_1.4.0.202007081208/tools/bin/../lib/gcc/arm-none-eabi/7.3.1/thumb/v7-m/crtbegin.o
 .ARM.attributes
                0x000000000000004a       0x33 STM32F103C6_DRIVERS/EXTI/EXTI_DRIVER.o
 .ARM.attributes
                0x000000000000007d       0x33 STM32F103C6_DRIVERS/GPIO/GPIO_DRIVER.o
 .ARM.attributes
                0x00000000000000b0       0x33 STM32F103C6_DRIVERS/I2C/I2C_DRIVER.o
 .ARM.attributes
                0x00000000000000e3       0x33 STM32F103C6_DRIVERS/RCC ( DEMO )/RCC_DRIVER.o
 .ARM.attributes
                0x0000000000000116       0x33 STM32F103C6_DRIVERS/SPI/SPI_DRIVER.o
 .ARM.attributes
                0x0000000000000149       0x33 STM32F103C6_DRIVERS/USART/USART_DRIVER.o
 .ARM.attributes
                0x000000000000017c       0x33 Src/main.o
 .ARM.attributes
                0x00000000000001af       0x21 Startup/startup_stm32f103c6tx.o
 .ARM.attributes
                0x00000000000001d0       0x33 TERA_RTOS/CortexMx_OS_Porting.o
 .ARM.attributes
                0x0000000000000203       0x33 TERA_RTOS/Scheduler.o
 .ARM.attributes
                0x0000000000000236       0x33 TERA_RTOS/TERA_RTOS_FIFO.o
 .ARM.attributes
                0x0000000000000269       0x2d c:/st/stm32cubeide_1.4.0/stm32cubeide/plugins/com.st.stm32cube.ide.mcu.externaltools.gnu-tools-for-stm32.7-2018-q2-update.win32_1.4.0.202007081208/tools/bin/../lib/gcc/arm-none-eabi/7.3.1/../../../../arm-none-eabi/lib/thumb/v7-m\libc_nano.a(lib_a-init.o)
 .ARM.attributes
                0x0000000000000296       0x1b c:/st/stm32cubeide_1.4.0/stm32cubeide/plugins/com.st.stm32cube.ide.mcu.externaltools.gnu-tools-for-stm32.7-2018-q2-update.win32_1.4.0.202007081208/tools/bin/../lib/gcc/arm-none-eabi/7.3.1/../../../../arm-none-eabi/lib/thumb/v7-m\libc_nano.a(lib_a-strcmp.o)
 .ARM.attributes
                0x00000000000002b1       0x1d c:/st/stm32cubeide_1.4.0/stm32cubeide/plugins/com.st.stm32cube.ide.mcu.externaltools.gnu-tools-for-stm32.7-2018-q2-update.win32_1.4.0.202007081208/tools/bin/../lib/gcc/arm-none-eabi/7.3.1/thumb/v7-m/crtn.o
OUTPUT(Drivers1.elf elf32-littlearm)

.debug_info     0x0000000000000000     0x8844
 .debug_info    0x0000000000000000      0xdc2 STM32F103C6_DRIVERS/EXTI/EXTI_DRIVER.o
 .debug_info    0x0000000000000dc2      0xc6d STM32F103C6_DRIVERS/GPIO/GPIO_DRIVER.o
 .debug_info    0x0000000000001a2f     0x127a STM32F103C6_DRIVERS/I2C/I2C_DRIVER.o
 .debug_info    0x0000000000002ca9      0xafa STM32F103C6_DRIVERS/RCC ( DEMO )/RCC_DRIVER.o
 .debug_info    0x00000000000037a3      0xf1b STM32F103C6_DRIVERS/SPI/SPI_DRIVER.o
 .debug_info    0x00000000000046be      0xe6b STM32F103C6_DRIVERS/USART/USART_DRIVER.o
 .debug_info    0x0000000000005529      0xf55 Src/main.o
 .debug_info    0x000000000000647e       0x22 Startup/startup_stm32f103c6tx.o
 .debug_info    0x00000000000064a0      0x631 TERA_RTOS/CortexMx_OS_Porting.o
 .debug_info    0x0000000000006ad1     0x10bd TERA_RTOS/Scheduler.o
 .debug_info    0x0000000000007b8e      0xcb6 TERA_RTOS/TERA_RTOS_FIFO.o

.debug_abbrev   0x0000000000000000     0x1596
 .debug_abbrev  0x0000000000000000      0x1d1 STM32F103C6_DRIVERS/EXTI/EXTI_DRIVER.o
 .debug_abbrev  0x00000000000001d1      0x1de STM32F103C6_DRIVERS/GPIO/GPIO_DRIVER.o
 .debug_abbrev  0x00000000000003af      0x294 STM32F103C6_DRIVERS/I2C/I2C_DRIVER.o
 .debug_abbrev  0x0000000000000643      0x1aa STM32F103C6_DRIVERS/RCC ( DEMO )/RCC_DRIVER.o
 .debug_abbrev  0x00000000000007ed      0x267 STM32F103C6_DRIVERS/SPI/SPI_DRIVER.o
 .debug_abbrev  0x0000000000000a54      0x214 STM32F103C6_DRIVERS/USART/USART_DRIVER.o
 .debug_abbrev  0x0000000000000c68      0x254 Src/main.o
 .debug_abbrev  0x0000000000000ebc       0x12 Startup/startup_stm32f103c6tx.o
 .debug_abbrev  0x0000000000000ece      0x1cf TERA_RTOS/CortexMx_OS_Porting.o
 .debug_abbrev  0x000000000000109d      0x32a TERA_RTOS/Scheduler.o
 .debug_abbrev  0x00000000000013c7      0x1cf TERA_RTOS/TERA_RTOS_FIFO.o

.debug_loc      0x0000000000000000     0x19c6
 .debug_loc     0x0000000000000000      0x280 STM32F103C6_DRIVERS/EXTI/EXTI_DRIVER.o
 .debug_loc     0x0000000000000280      0x2c8 STM32F103C6_DRIVERS/GPIO/GPIO_DRIVER.o
 .debug_loc     0x0000000000000548      0x524 STM32F103C6_DRIVERS/I2C/I2C_DRIVER.o
 .debug_loc     0x0000000000000a6c       0xe0 STM32F103C6_DRIVERS/RCC ( DEMO )/RCC_DRIVER.o
 .debug_loc     0x0000000000000b4c      0x2bc STM32F103C6_DRIVERS/SPI/SPI_DRIVER.o
 .debug_loc     0x0000000000000e08      0x1a8 STM32F103C6_DRIVERS/USART/USART_DRIVER.o
 .debug_loc     0x0000000000000fb0      0x12a Src/main.o
 .debug_loc     0x00000000000010da      0x224 TERA_RTOS/CortexMx_OS_Porting.o
 .debug_loc     0x00000000000012fe      0x4fc TERA_RTOS/Scheduler.o
 .debug_loc     0x00000000000017fa      0x1cc TERA_RTOS/TERA_RTOS_FIFO.o

.debug_aranges  0x0000000000000000      0x3e8
 .debug_aranges
                0x0000000000000000       0x70 STM32F103C6_DRIVERS/EXTI/EXTI_DRIVER.o
 .debug_aranges
                0x0000000000000070       0x58 STM32F103C6_DRIVERS/GPIO/GPIO_DRIVER.o
 .debug_aranges
                0x00000000000000c8       0x98 STM32F103C6_DRIVERS/I2C/I2C_DRIVER.o
 .debug_aranges
                0x0000000000000160       0x38 STM32F103C6_DRIVERS/RCC ( DEMO )/RCC_DRIVER.o
 .debug_aranges
                0x0000000000000198       0x58 STM32F103C6_DRIVERS/SPI/SPI_DRIVER.o
 .debug_aranges
                0x00000000000001f0       0x40 STM32F103C6_DRIVERS/USART/USART_DRIVER.o
 .debug_aranges
                0x0000000000000230       0x38 Src/main.o
 .debug_aranges
                0x0000000000000268       0x28 Startup/startup_stm32f103c6tx.o
 .debug_aranges
                0x0000000000000290       0x70 TERA_RTOS/CortexMx_OS_Porting.o
 .debug_aranges
                0x0000000000000300       0xa8 TERA_RTOS/Scheduler.o
 .debug_aranges
                0x00000000000003a8       0x40 TERA_RTOS/TERA_RTOS_FIFO.o

.debug_ranges   0x0000000000000000      0x340
 .debug_ranges  0x0000000000000000       0x60 STM32F103C6_DRIVERS/EXTI/EXTI_DRIVER.o
 .debug_ranges  0x0000000000000060       0x48 STM32F103C6_DRIVERS/GPIO/GPIO_DRIVER.o
 .debug_ranges  0x00000000000000a8       0x88 STM32F103C6_DRIVERS/I2C/I2C_DRIVER.o
 .debug_ranges  0x0000000000000130       0x28 STM32F103C6_DRIVERS/RCC ( DEMO )/RCC_DRIVER.o
 .debug_ranges  0x0000000000000158       0x48 STM32F103C6_DRIVERS/SPI/SPI_DRIVER.o
 .debug_ranges  0x00000000000001a0       0x30 STM32F103C6_DRIVERS/USART/USART_DRIVER.o
 .debug_ranges  0x00000000000001d0       0x28 Src/main.o
 .debug_ranges  0x00000000000001f8       0x20 Startup/startup_stm32f103c6tx.o
 .debug_ranges  0x0000000000000218       0x60 TERA_RTOS/CortexMx_OS_Porting.o
 .debug_ranges  0x0000000000000278       0x98 TERA_RTOS/Scheduler.o
 .debug_ranges  0x0000000000000310       0x30 TERA_RTOS/TERA_RTOS_FIFO.o

.debug_macro    0x0000000000000000     0x2b42
 .debug_macro   0x0000000000000000      0x148 STM32F103C6_DRIVERS/EXTI/EXTI_DRIVER.o
 .debug_macro   0x0000000000000148      0x13d STM32F103C6_DRIVERS/EXTI/EXTI_DRIVER.o
 .debug_macro   0x0000000000000285      0x13f STM32F103C6_DRIVERS/GPIO/GPIO_DRIVER.o
 .debug_macro   0x00000000000003c4      0x15d STM32F103C6_DRIVERS/I2C/I2C_DRIVER.o
 .debug_macro   0x0000000000000521       0x1c STM32F103C6_DRIVERS/I2C/I2C_DRIVER.o
 .debug_macro   0x000000000000053d       0x52 STM32F103C6_DRIVERS/I2C/I2C_DRIVER.o
 .debug_macro   0x000000000000058f      0x13f STM32F103C6_DRIVERS/RCC ( DEMO )/RCC_DRIVER.o
 .debug_macro   0x00000000000006ce       0x16 STM32F103C6_DRIVERS/RCC ( DEMO )/RCC_DRIVER.o
 .debug_macro   0x00000000000006e4      0x16a STM32F103C6_DRIVERS/SPI/SPI_DRIVER.o
 .debug_macro   0x000000000000084e       0xcd STM32F103C6_DRIVERS/SPI/SPI_DRIVER.o
 .debug_macro   0x000000000000091b      0x175 STM32F103C6_DRIVERS/USART/USART_DRIVER.o
 .debug_macro   0x0000000000000a90       0x40 STM32F103C6_DRIVERS/USART/USART_DRIVER.o
 .debug_macro   0x0000000000000ad0      0x233 Src/main.o
 .debug_macro   0x0000000000000d03       0x8e Src/main.o
 .debug_macro   0x0000000000000d91       0x51 Src/main.o
 .debug_macro   0x0000000000000de2       0x46 Src/main.o
 .debug_macro   0x0000000000000e28       0xd3 Src/main.o
 .debug_macro   0x0000000000000efb       0xce TERA_RTOS/CortexMx_OS_Porting.o
 .debug_macro   0x0000000000000fc9       0x28 TERA_RTOS/CortexMx_OS_Porting.o
 .debug_macro   0x0000000000000ff1       0x1c TERA_RTOS/CortexMx_OS_Porting.o
 .debug_macro   0x000000000000100d       0x22 TERA_RTOS/CortexMx_OS_Porting.o
 .debug_macro   0x000000000000102f       0xe5 TERA_RTOS/CortexMx_OS_Porting.o
 .debug_macro   0x0000000000001114      0xe2e TERA_RTOS/CortexMx_OS_Porting.o
 .debug_macro   0x0000000000001f42      0x11f TERA_RTOS/CortexMx_OS_Porting.o
 .debug_macro   0x0000000000002061       0x34 TERA_RTOS/CortexMx_OS_Porting.o
 .debug_macro   0x0000000000002095      0x277 TERA_RTOS/Scheduler.o
 .debug_macro   0x000000000000230c      0x32a TERA_RTOS/Scheduler.o
 .debug_macro   0x0000000000002636      0x26d TERA_RTOS/TERA_RTOS_FIFO.o
 .debug_macro   0x00000000000028a3       0x16 TERA_RTOS/TERA_RTOS_FIFO.o
 .debug_macro   0x00000000000028b9       0x97 TERA_RTOS/TERA_RTOS_FIFO.o
 .debug_macro   0x0000000000002950       0xfd TERA_RTOS/TERA_RTOS_FIFO.o
 .debug_macro   0x0000000000002a4d       0xdf TERA_RTOS/TERA_RTOS_FIFO.o
 .debug_macro   0x0000000000002b2c       0x16 TERA_RTOS/TERA_RTOS_FIFO.o

.debug_line     0x0000000000000000     0x42a6
 .debug_line    0x0000000000000000      0x680 STM32F103C6_DRIVERS/EXTI/EXTI_DRIVER.o
 .debug_line    0x0000000000000680      0x636 STM32F103C6_DRIVERS/GPIO/GPIO_DRIVER.o
 .debug_line    0x0000000000000cb6      0x789 STM32F103C6_DRIVERS/I2C/I2C_DRIVER.o
 .debug_line    0x000000000000143f      0x57f STM32F103C6_DRIVERS/RCC ( DEMO )/RCC_DRIVER.o
 .debug_line    0x00000000000019be      0x679 STM32F103C6_DRIVERS/SPI/SPI_DRIVER.o
 .debug_line    0x0000000000002037      0x630 STM32F103C6_DRIVERS/USART/USART_DRIVER.o
 .debug_line    0x0000000000002667      0x668 Src/main.o
 .debug_line    0x0000000000002ccf       0x84 Startup/startup_stm32f103c6tx.o
 .debug_line    0x0000000000002d53      0x537 TERA_RTOS/CortexMx_OS_Porting.o
 .debug_line    0x000000000000328a      0x8f5 TERA_RTOS/Scheduler.o
 .debug_line    0x0000000000003b7f      0x727 TERA_RTOS/TERA_RTOS_FIFO.o

.debug_str      0x0000000000000000    0x12cd3
 .debug_str     0x0000000000000000     0x95fb STM32F103C6_DRIVERS/EXTI/EXTI_DRIVER.o
                                       0x986f (size before relaxing)
 .debug_str     0x00000000000095fb       0xfc STM32F103C6_DRIVERS/GPIO/GPIO_DRIVER.o
                                       0x8e29 (size before relaxing)
 .debug_str     0x00000000000096f7      0x74c STM32F103C6_DRIVERS/I2C/I2C_DRIVER.o
                                       0x9501 (size before relaxing)
 .debug_str     0x0000000000009e43       0x86 STM32F103C6_DRIVERS/RCC ( DEMO )/RCC_DRIVER.o
                                       0x8ca2 (size before relaxing)
 .debug_str     0x0000000000009ec9      0x751 STM32F103C6_DRIVERS/SPI/SPI_DRIVER.o
                                       0x955f (size before relaxing)
 .debug_str     0x000000000000a61a      0x54e STM32F103C6_DRIVERS/USART/USART_DRIVER.o
                                       0x9301 (size before relaxing)
 .debug_str     0x000000000000ab68     0x1228 Src/main.o
                                       0xa86b (size before relaxing)
 .debug_str     0x000000000000bd90       0x31 Startup/startup_stm32f103c6tx.o
                                         0x52 (size before relaxing)
 .debug_str     0x000000000000bdc1     0x6934 TERA_RTOS/CortexMx_OS_Porting.o
                                       0xa53b (size before relaxing)
 .debug_str     0x00000000000126f5      0x567 TERA_RTOS/Scheduler.o
                                       0xebc1 (size before relaxing)
 .debug_str     0x0000000000012c5c       0x77 TERA_RTOS/TERA_RTOS_FIFO.o
                                       0xe88c (size before relaxing)

.comment        0x0000000000000000       0x7b
 .comment       0x0000000000000000       0x7b STM32F103C6_DRIVERS/EXTI/EXTI_DRIVER.o
                                         0x7c (size before relaxing)
 .comment       0x000000000000007b       0x7c STM32F103C6_DRIVERS/GPIO/GPIO_DRIVER.o
 .comment       0x000000000000007b       0x7c STM32F103C6_DRIVERS/I2C/I2C_DRIVER.o
 .comment       0x000000000000007b       0x7c STM32F103C6_DRIVERS/RCC ( DEMO )/RCC_DRIVER.o
 .comment       0x000000000000007b       0x7c STM32F103C6_DRIVERS/SPI/SPI_DRIVER.o
 .comment       0x000000000000007b       0x7c STM32F103C6_DRIVERS/USART/USART_DRIVER.o
 .comment       0x000000000000007b       0x7c Src/main.o
 .comment       0x000000000000007b       0x7c TERA_RTOS/CortexMx_OS_Porting.o
 .comment       0x000000000000007b       0x7c TERA_RTOS/Scheduler.o
 .comment       0x000000000000007b       0x7c TERA_RTOS/TERA_RTOS_FIFO.o

.debug_frame    0x0000000000000000      0xd24
 .debug_frame   0x0000000000000000      0x16c STM32F103C6_DRIVERS/EXTI/EXTI_DRIVER.o
 .debug_frame   0x000000000000016c      0x148 STM32F103C6_DRIVERS/GPIO/GPIO_DRIVER.o
 .debug_frame   0x00000000000002b4      0x260 STM32F103C6_DRIVERS/I2C/I2C_DRIVER.o
 .debug_frame   0x0000000000000514       0x8c STM32F103C6_DRIVERS/RCC ( DEMO )/RCC_DRIVER.o
 .debug_frame   0x00000000000005a0      0x144 STM32F103C6_DRIVERS/SPI/SPI_DRIVER.o
 .debug_frame   0x00000000000006e4       0xd0 STM32F103C6_DRIVERS/USART/USART_DRIVER.o
 .debug_frame   0x00000000000007b4       0x9c Src/main.o
 .debug_frame   0x0000000000000850      0x140 TERA_RTOS/CortexMx_OS_Porting.o
 .debug_frame   0x0000000000000990      0x270 TERA_RTOS/Scheduler.o
 .debug_frame   0x0000000000000c00       0xd8 TERA_RTOS/TERA_RTOS_FIFO.o
 .debug_frame   0x0000000000000cd8       0x2c c:/st/stm32cubeide_1.4.0/stm32cubeide/plugins/com.st.stm32cube.ide.mcu.externaltools.gnu-tools-for-stm32.7-2018-q2-update.win32_1.4.0.202007081208/tools/bin/../lib/gcc/arm-none-eabi/7.3.1/../../../../arm-none-eabi/lib/thumb/v7-m\libc_nano.a(lib_a-init.o)
 .debug_frame   0x0000000000000d04       0x20 c:/st/stm32cubeide_1.4.0/stm32cubeide/plugins/com.st.stm32cube.ide.mcu.externaltools.gnu-tools-for-stm32.7-2018-q2-update.win32_1.4.0.202007081208/tools/bin/../lib/gcc/arm-none-eabi/7.3.1/../../../../arm-none-eabi/lib/thumb/v7-m\libc_nano.a(lib_a-strcmp.o)
