Scheduler.c:40:6:BubbleSort	16	static
Scheduler.c:68:6:teraRTOS_Update_SchedulerTable	24	static
Scheduler.c:122:6:Decide_WhatNext	8	static
Scheduler.c:146:6:OS_SVC_services	24	static
Scheduler.c:182:28:PendSV_Handler	0	static,ignoring_inline_asm
Scheduler.c:246:6:teraRTOS_CreateMSP	4	static
Scheduler.c:257:6:idle_Task_fun	4	static,ignoring_inline_asm
Scheduler.c:266:21:TERA_RTOS_init	16	static
Scheduler.c:299:6:teraRTOS_Create_TaskStack	24	static
Scheduler.c:349:21:teraRTOS_CreateTask	24	static
Scheduler.c:387:6:teraRTOS_OS_SVC_Set	16	static,ignoring_inline_asm
Scheduler.c:412:21:teraRTOS_ActivateTask	24	static
Scheduler.c:425:21:teraRTOS_TerminateTask	24	static
Scheduler.c:443:6:teraRTOS_TaskWait	16	static
Scheduler.c:453:6:teraRTOS_START	8	static,ignoring_inline_asm
Scheduler.c:475:6:teraRTOS_Update_TaskWaitingTime	16	static
Scheduler.c:501:21:teraRTOS_AcquireMutex	16	static
Scheduler.c:527:21:teraRTOS_ReleaseMutex	16	static
