Archive member included to satisfy reference by file (symbol)

c:/st/stm32cubeide_1.4.0/stm32cubeide/plugins/com.st.stm32cube.ide.mcu.externaltools.gnu-tools-for-stm32.7-2018-q2-update.win32_1.4.0.202007081208/tools/bin/../lib/gcc/arm-none-eabi/7.3.1/../../../../arm-none-eabi/lib/thumb/v7-m\libc_nano.a(lib_a-errno.o)
                              Src/syscalls.o (__errno)
c:/st/stm32cubeide_1.4.0/stm32cubeide/plugins/com.st.stm32cube.ide.mcu.externaltools.gnu-tools-for-stm32.7-2018-q2-update.win32_1.4.0.202007081208/tools/bin/../lib/gcc/arm-none-eabi/7.3.1/../../../../arm-none-eabi/lib/thumb/v7-m\libc_nano.a(lib_a-exit.o)
                              c:/st/stm32cubeide_1.4.0/stm32cubeide/plugins/com.st.stm32cube.ide.mcu.externaltools.gnu-tools-for-stm32.7-2018-q2-update.win32_1.4.0.202007081208/tools/bin/../lib/gcc/arm-none-eabi/7.3.1/../../../../arm-none-eabi/lib/thumb/v7-m/crt0.o (exit)
c:/st/stm32cubeide_1.4.0/stm32cubeide/plugins/com.st.stm32cube.ide.mcu.externaltools.gnu-tools-for-stm32.7-2018-q2-update.win32_1.4.0.202007081208/tools/bin/../lib/gcc/arm-none-eabi/7.3.1/../../../../arm-none-eabi/lib/thumb/v7-m\libc_nano.a(lib_a-impure.o)
                              c:/st/stm32cubeide_1.4.0/stm32cubeide/plugins/com.st.stm32cube.ide.mcu.externaltools.gnu-tools-for-stm32.7-2018-q2-update.win32_1.4.0.202007081208/tools/bin/../lib/gcc/arm-none-eabi/7.3.1/../../../../arm-none-eabi/lib/thumb/v7-m\libc_nano.a(lib_a-exit.o) (_global_impure_ptr)
c:/st/stm32cubeide_1.4.0/stm32cubeide/plugins/com.st.stm32cube.ide.mcu.externaltools.gnu-tools-for-stm32.7-2018-q2-update.win32_1.4.0.202007081208/tools/bin/../lib/gcc/arm-none-eabi/7.3.1/../../../../arm-none-eabi/lib/thumb/v7-m\libc_nano.a(lib_a-init.o)
                              c:/st/stm32cubeide_1.4.0/stm32cubeide/plugins/com.st.stm32cube.ide.mcu.externaltools.gnu-tools-for-stm32.7-2018-q2-update.win32_1.4.0.202007081208/tools/bin/../lib/gcc/arm-none-eabi/7.3.1/../../../../arm-none-eabi/lib/thumb/v7-m/crt0.o (__libc_init_array)
c:/st/stm32cubeide_1.4.0/stm32cubeide/plugins/com.st.stm32cube.ide.mcu.externaltools.gnu-tools-for-stm32.7-2018-q2-update.win32_1.4.0.202007081208/tools/bin/../lib/gcc/arm-none-eabi/7.3.1/../../../../arm-none-eabi/lib/thumb/v7-m\libc_nano.a(lib_a-memset.o)
                              c:/st/stm32cubeide_1.4.0/stm32cubeide/plugins/com.st.stm32cube.ide.mcu.externaltools.gnu-tools-for-stm32.7-2018-q2-update.win32_1.4.0.202007081208/tools/bin/../lib/gcc/arm-none-eabi/7.3.1/../../../../arm-none-eabi/lib/thumb/v7-m/crt0.o (memset)
c:/st/stm32cubeide_1.4.0/stm32cubeide/plugins/com.st.stm32cube.ide.mcu.externaltools.gnu-tools-for-stm32.7-2018-q2-update.win32_1.4.0.202007081208/tools/bin/../lib/gcc/arm-none-eabi/7.3.1/../../../../arm-none-eabi/lib/thumb/v7-m\libc_nano.a(lib_a-sprintf.o)
                              HAL/LCD/lcd.o (sprintf)
c:/st/stm32cubeide_1.4.0/stm32cubeide/plugins/com.st.stm32cube.ide.mcu.externaltools.gnu-tools-for-stm32.7-2018-q2-update.win32_1.4.0.202007081208/tools/bin/../lib/gcc/arm-none-eabi/7.3.1/../../../../arm-none-eabi/lib/thumb/v7-m\libc_nano.a(lib_a-nano-svfprintf.o)
                              c:/st/stm32cubeide_1.4.0/stm32cubeide/plugins/com.st.stm32cube.ide.mcu.externaltools.gnu-tools-for-stm32.7-2018-q2-update.win32_1.4.0.202007081208/tools/bin/../lib/gcc/arm-none-eabi/7.3.1/../../../../arm-none-eabi/lib/thumb/v7-m\libc_nano.a(lib_a-sprintf.o) (_svfprintf_r)
c:/st/stm32cubeide_1.4.0/stm32cubeide/plugins/com.st.stm32cube.ide.mcu.externaltools.gnu-tools-for-stm32.7-2018-q2-update.win32_1.4.0.202007081208/tools/bin/../lib/gcc/arm-none-eabi/7.3.1/../../../../arm-none-eabi/lib/thumb/v7-m\libc_nano.a(lib_a-nano-vfprintf_i.o)
                              c:/st/stm32cubeide_1.4.0/stm32cubeide/plugins/com.st.stm32cube.ide.mcu.externaltools.gnu-tools-for-stm32.7-2018-q2-update.win32_1.4.0.202007081208/tools/bin/../lib/gcc/arm-none-eabi/7.3.1/../../../../arm-none-eabi/lib/thumb/v7-m\libc_nano.a(lib_a-nano-svfprintf.o) (_printf_i)
c:/st/stm32cubeide_1.4.0/stm32cubeide/plugins/com.st.stm32cube.ide.mcu.externaltools.gnu-tools-for-stm32.7-2018-q2-update.win32_1.4.0.202007081208/tools/bin/../lib/gcc/arm-none-eabi/7.3.1/../../../../arm-none-eabi/lib/thumb/v7-m\libc_nano.a(lib_a-memchr-stub.o)
                              c:/st/stm32cubeide_1.4.0/stm32cubeide/plugins/com.st.stm32cube.ide.mcu.externaltools.gnu-tools-for-stm32.7-2018-q2-update.win32_1.4.0.202007081208/tools/bin/../lib/gcc/arm-none-eabi/7.3.1/../../../../arm-none-eabi/lib/thumb/v7-m\libc_nano.a(lib_a-nano-svfprintf.o) (memchr)
c:/st/stm32cubeide_1.4.0/stm32cubeide/plugins/com.st.stm32cube.ide.mcu.externaltools.gnu-tools-for-stm32.7-2018-q2-update.win32_1.4.0.202007081208/tools/bin/../lib/gcc/arm-none-eabi/7.3.1/../../../../arm-none-eabi/lib/thumb/v7-m\libc_nano.a(lib_a-memcpy-stub.o)
[...]
Memory Configuration

Name             Origin             Length             Attributes
RAM              0x0000000020000000 0x0000000000002800 xrw
ROM              0x0000000008000000 0x0000000000008000 xr
*default*        0x0000000000000000 0xffffffffffffffff

Linker script and memory map

LOAD c:/st/stm32cubeide_1.4.0/stm32cubeide/plugins/com.st.stm32cube.ide.mcu.externaltools.gnu-tools-for-stm32.7-2018-q2-update.win32_1.4.0.202007081208/tools/bin/../lib/gcc/arm-none-eabi/7.3.1/thumb/v7-m/crti.o
LOAD c:/st/stm32cubeide_1.4.0/stm32cubeide/plugins/com.st.stm32cube.ide.mcu.externaltools.gnu-tools-for-stm32.7-2018-q2-update.win32_1.4.0.202007081208/tools/bin/../lib/gcc/arm-none-eabi/7.3.1/thumb/v7-m/crtbegin.o
LOAD c:/st/stm32cubeide_1.4.0/stm32cubeide/plugins/com.st.stm32cube.ide.mcu.externaltools.gnu-tools-for-stm32.7-2018-q2-update.win32_1.4.0.202007081208/tools/bin/../lib/gcc/arm-none-eabi/7.3.1/../../../../arm-none-eabi/lib/thumb/v7-m/crt0.o
LOAD HAL/I2C_Slave_EEPROM/I2C_Slave_EEPROM.o
LOAD HAL/KEYPAD/keypad.o
LOAD HAL/LCD/lcd.o
LOAD STM32F103C6_DRIVERS/EXTI/EXTI_DRIVER.o
LOAD STM32F103C6_DRIVERS/GPIO/GPIO_DRIVER.o
LOAD STM32F103C6_DRIVERS/I2C/I2C_DRIVER.o
LOAD STM32F103C6_DRIVERS/RCC ( DEMO )/RCC_DRIVER.o
LOAD STM32F103C6_DRIVERS/SPI/SPI_DRIVER.o
LOAD STM32F103C6_DRIVERS/USART/USART_DRIVER.o
LOAD Src/main.o
LOAD Src/syscalls.o
LOAD Src/sysmem.o
LOAD Startup/startup_stm32f103c6tx.o
START GROUP
LOAD c:/st/stm32cubeide_1.4.0/stm32cubeide/plugins/com.st.stm32cube.ide.mcu.externaltools.gnu-tools-for-stm32.7-2018-q2-update.win32_1.4.0.202007081208/tools/bin/../lib/gcc/arm-none-eabi/7.3.1/../../../../arm-none-eabi/lib/thumb/v7-m\libc_nano.a
LOAD c:/st/stm32cubeide_1.4.0/stm32cubeide/plugins/com.st.stm32cube.ide.mcu.externaltools.gnu-tools-for-stm32.7-2018-q2-update.win32_1.4.0.202007081208/tools/bin/../lib/gcc/arm-none-eabi/7.3.1/../../../../arm-none-eabi/lib/thumb/v7-m\libm.a
END GROUP
START GROUP
LOAD c:/st/stm32cubeide_1.4.0/stm32cubeide/plugins/com.st.stm32cube.ide.mcu.externaltools.gnu-tools-for-stm32.7-2018-q2-update.win32_1.4.0.202007081208/tools/bin/../lib/gcc/arm-none-eabi/7.3.1/thumb/v7-m\libgcc.a
LOAD c:/st/stm32cubeide_1.4.0/stm32cubeide/plugins/com.st.stm32cube.ide.mcu.externaltools.gnu-tools-for-stm32.7-2018-q2-update.win32_1.4.0.202007081208/tools/bin/../lib/gcc/arm-none-eabi/7.3.1/../../../../arm-none-eabi/lib/thumb/v7-m\libg_nano.a
LOAD c:/st/stm32cubeide_1.4.0/stm32cubeide/plugins/com.st.stm32cube.ide.mcu.externaltools.gnu-tools-for-stm32.7-2018-q2-update.win32_1.4.0.202007081208/tools/bin/../lib/gcc/arm-none-eabi/7.3.1/../../../../arm-none-eabi/lib/thumb/v7-m\libc_nano.a
END GROUP
START GROUP
LOAD c:/st/stm32cubeide_1.4.0/stm32cubeide/plugins/com.st.stm32cube.ide.mcu.externaltools.gnu-tools-for-stm32.7-2018-q2-update.win32_1.4.0.202007081208/tools/bin/../lib/gcc/arm-none-eabi/7.3.1/thumb/v7-m\libgcc.a
LOAD c:/st/stm32cubeide_1.4.0/stm32cubeide/plugins/com.st.stm32cube.ide.mcu.externaltools.gnu-tools-for-stm32.7-2018-q2-update.win32_1.4.0.202007081208/tools/bin/../lib/gcc/arm-none-eabi/7.3.1/../../../../arm-none-eabi/lib/thumb/v7-m\libc_nano.a
LOAD c:/st/stm32cubeide_1.4.0/stm32cubeide/plugins/com.st.stm32cube.ide.mcu.externaltools.gnu-tools-for-stm32.7-2018-q2-update.win32_1.4.0.202007081208/tools/bin/../lib/gcc/arm-none-eabi/7.3.1/../../../../arm-none-eabi/lib/thumb/v7-m\libnosys.a
END GROUP
START GROUP
LOAD c:/st/stm32cubeide_1.4.0/stm32cubeide/plugins/com.st.stm32cube.ide.mcu.externaltools.gnu-tools-for-stm32.7-2018-q2-update.win32_1.4.0.202007081208/tools/bin/../lib/gcc/arm-none-eabi/7.3.1/thumb/v7-m\libgcc.a
LOAD c:/st/stm32cubeide_1.4.0/stm32cubeide/plugins/com.st.stm32cube.ide.mcu.externaltools.gnu-tools-for-stm32.7-2018-q2-update.win32_1.4.0.202007081208/tools/bin/../lib/gcc/arm-none-eabi/7.3.1/../../../../arm-none-eabi/lib/thumb/v7-m\libc_nano.a
LOAD c:/st/stm32cubeide_1.4.0/stm32cubeide/plugins/com.st.stm32cube.ide.mcu.externaltools.gnu-tools-for-stm32.7-2018-q2-update.win32_1.4.0.202007081208/tools/bin/../lib/gcc/arm-none-eabi/7.3.1/../../../../arm-none-eabi/lib/thumb/v7-m\libnosys.a
END GROUP
LOAD c:/st/stm32cubeide_1.4.0/stm32cubeide/plugins/com.st.stm32cube.ide.mcu.externaltools.gnu-tools-for-stm32.7-2018-q2-update.win32_1.4.0.202007081208/tools/bin/../lib/gcc/arm-none-eabi/7.3.1/thumb/v7-m/crtend.o
LOAD c:/st/stm32cubeide_1.4.0/stm32cubeide/plugins/com.st.stm32cube.ide.mcu.externaltools.gnu-tools-for-stm32.7-2018-q2-update.win32_1.4.0.202007081208/tools/bin/../lib/gcc/arm-none-eabi/7.3.1/thumb/v7-m/crtn.o
                0x0000000020002800                _estack = (ORIGIN (RAM) + LENGTH (RAM))
                0x0000000000000200                _Min_Heap_Size = 0x200
                0x0000000000000400                _Min_Stack_Size = 0x400

.isr_vector     0x0000000008000000      0x130
                0x0000000008000000                . = ALIGN (0x4)
 *(.isr_vector)
 .isr_vector    0x0000000008000000      0x130 Startup/startup_stm32f103c6tx.o
                0x0000000008000000                g_pfnVectors
                0x0000000008000130                . = ALIGN (0x4)

.text           0x0000000008000130      0x590
                0x0000000008000130                . = ALIGN (0x4)
 *(.text)
 .text          0x0000000008000130       0x40 c:/st/stm32cubeide_1.4.0/stm32cubeide/plugins/com.st.stm32cube.ide.mcu.externaltools.gnu-tools-for-stm32.7-2018-q2-update.win32_1.4.0.202007081208/tools/bin/../lib/gcc/arm-none-eabi/7.3.1/thumb/v7-m/crtbegin.o
 *(.text*)
 .text.EXTI0_IRQHandler
                0x0000000008000170       0x24 STM32F103C6_DRIVERS/EXTI/EXTI_DRIVER.o
                0x0000000008000170                EXTI0_IRQHandler
 .text.EXTI1_IRQHandler
                0x0000000008000194       0x24 STM32F103C6_DRIVERS/EXTI/EXTI_DRIVER.o
                0x0000000008000194                EXTI1_IRQHandler
 .text.EXTI2_IRQHandler
                0x00000000080001b8       0x24 STM32F103C6_DRIVERS/EXTI/EXTI_DRIVER.o
                0x00000000080001b8                EXTI2_IRQHandler
 .text.EXTI3_IRQHandler
                0x00000000080001dc       0x24 STM32F103C6_DRIVERS/EXTI/EXTI_DRIVER.o
                0x00000000080001dc                EXTI3_IRQHandler
 .text.EXTI4_IRQHandler
                0x0000000008000200       0x24 STM32F103C6_DRIVERS/EXTI/EXTI_DRIVER.o
                0x0000000008000200                EXTI4_IRQHandler
 .text.EXTI9_5_IRQHandler
                0x0000000008000224       0xa8 STM32F103C6_DRIVERS/EXTI/EXTI_DRIVER.o
                0x0000000008000224                EXTI9_5_IRQHandler
 .text.EXTI15_10_IRQHandler
                0x00000000080002cc       0xd0 STM32F103C6_DRIVERS/EXTI/EXTI_DRIVER.o
                0x00000000080002cc                EXTI15_10_IRQHandler
 .text.I2C1_ER_IRQHandler
                0x000000000800039c        0xc STM32F103C6_DRIVERS/I2C/I2C_DRIVER.o
                0x000000000800039c                I2C1_ER_IRQHandler
 .text.I2C1_EV_IRQHandler
                0x00000000080003a8        0xc STM32F103C6_DRIVERS/I2C/I2C_DRIVER.o
                0x00000000080003a8                I2C1_EV_IRQHandler
 .text.I2C2_ER_IRQHandler
                0x00000000080003b4        0xc STM32F103C6_DRIVERS/I2C/I2C_DRIVER.o
                0x00000000080003b4                I2C2_ER_IRQHandler
 .text.I2C2_EV_IRQHandler
                0x00000000080003c0        0xc STM32F103C6_DRIVERS/I2C/I2C_DRIVER.o
                0x00000000080003c0                I2C2_EV_IRQHandler
 .text.SPI1_IRQHandler
                0x00000000080003cc       0x48 STM32F103C6_DRIVERS/SPI/SPI_DRIVER.o
                0x00000000080003cc                SPI1_IRQHandler
 .text.SPI2_IRQHandler
                0x0000000008000414       0x48 STM32F103C6_DRIVERS/SPI/SPI_DRIVER.o
                0x0000000008000414                SPI2_IRQHandler
 .text.USART1_IRQHandler
                0x000000000800045c       0x64 STM32F103C6_DRIVERS/USART/USART_DRIVER.o
                0x000000000800045c                USART1_IRQHandler
 .text.OS_SVC_Set
                0x00000000080004c0       0x5c Src/main.o
                0x00000000080004c0                OS_SVC_Set
 .text.OS_SVC_services
                0x000000000800051c       0x68 Src/main.o
                0x000000000800051c                OS_SVC_services
 .text.SVC_Handler
                0x0000000008000584       0x14 Src/main.o
                0x0000000008000584                SVC_Handler
 .text.PendSV_Handler
                0x0000000008000598        0xc Src/main.o
                0x0000000008000598                PendSV_Handler
 .text.main     0x00000000080005a4       0x68 Src/main.o
                0x00000000080005a4                main
 .text.Reset_Handler
                0x000000000800060c       0x50 Startup/startup_stm32f103c6tx.o
                0x000000000800060c                Reset_Handler
 .text.Default_Handler
                0x000000000800065c        0x2 Startup/startup_stm32f103c6tx.o
                0x000000000800065c                TIM8_TRG_COM_IRQHandler
                0x000000000800065c                TIM8_CC_IRQHandler
                0x000000000800065c                DebugMon_Handler
                0x000000000800065c                TIM1_CC_IRQHandler
                0x000000000800065c                HardFault_Handler
                0x000000000800065c                TIM6_IRQHandler
                0x000000000800065c                SysTick_Handler
                0x000000000800065c                PVD_IRQHandler
                0x000000000800065c                SDIO_IRQHandler
                0x000000000800065c                NMI_Handler
                0x000000000800065c                USB_HP_CAN_TX_IRQHandler
                0x000000000800065c                UsageFault_Handler
                0x000000000800065c                ADC1_2_IRQHandler
                0x000000000800065c                CAN_SCE_IRQHandler
                0x000000000800065c                TAMPER_IRQHandler
                0x000000000800065c                TIM8_UP_IRQHandler
                0x000000000800065c                DMA2_Channel2_IRQHandler
                0x000000000800065c                DMA1_Channel4_IRQHandler
                0x000000000800065c                USART3_IRQHandler
                0x000000000800065c                RTC_IRQHandler
                0x000000000800065c                DMA1_Channel7_IRQHandler
                0x000000000800065c                UART5_IRQHandler
                0x000000000800065c                ADC3_IRQHandler
                0x000000000800065c                TIM4_IRQHandler
                0x000000000800065c                CAN_RX1_IRQHandler
                0x000000000800065c                DMA2_Channel1_IRQHandler
                0x000000000800065c                DMA1_Channel6_IRQHandler
                0x000000000800065c                UART4_IRQHandler
                0x000000000800065c                TIM3_IRQHandler
                0x000000000800065c                RCC_IRQHandler
                0x000000000800065c                TIM1_TRG_COM_IRQHandler
                0x000000000800065c                DMA1_Channel1_IRQHandler
                0x000000000800065c                Default_Handler
                0x000000000800065c                TIM7_IRQHandler
                0x000000000800065c                TIM5_IRQHandler
                0x000000000800065c                USB_LP_CAN_RX0_IRQHandler
                0x000000000800065c                MemManage_Handler
                0x000000000800065c                DMA1_Channel5_IRQHandler
                0x000000000800065c                DMA1_Channel3_IRQHandler
                0x000000000800065c                FSMC_IRQHandler
                0x000000000800065c                TIM1_UP_IRQHandler
                0x000000000800065c                WWDG_IRQHandler
                0x000000000800065c                TIM2_IRQHandler
                0x000000000800065c                TIM1_BRK_IRQHandler
                0x000000000800065c                RTCAlarm_IRQHandler
                0x000000000800065c                DMA2_Channel4_5_IRQHandler
                0x000000000800065c                USART2_IRQHandler
                0x000000000800065c                DMA1_Channel2_IRQHandler
                0x000000000800065c                TIM8_BRK_IRQHandler
                0x000000000800065c                FLASH_IRQHandler
                0x000000000800065c                BusFault_Handler
                0x000000000800065c                SPI3_IRQHandler
                0x000000000800065c                DMA2_Channel3_IRQHandler
 *fill*         0x000000000800065e        0x2 
 .text.__libc_init_array
                0x0000000008000660       0x48 c:/st/stm32cubeide_1.4.0/stm32cubeide/plugins/com.st.stm32cube.ide.mcu.externaltools.gnu-tools-for-stm32.7-2018-q2-update.win32_1.4.0.202007081208/tools/bin/../lib/gcc/arm-none-eabi/7.3.1/../../../../arm-none-eabi/lib/thumb/v7-m\libc_nano.a(lib_a-init.o)
                0x0000000008000660                __libc_init_array
 *(.glue_7)
 .glue_7        0x00000000080006a8        0x0 linker stubs
 *(.glue_7t)
 .glue_7t       0x00000000080006a8        0x0 linker stubs
 *(.eh_frame)
 .eh_frame      0x00000000080006a8        0x0 c:/st/stm32cubeide_1.4.0/stm32cubeide/plugins/com.st.stm32cube.ide.mcu.externaltools.gnu-tools-for-stm32.7-2018-q2-update.win32_1.4.0.202007081208/tools/bin/../lib/gcc/arm-none-eabi/7.3.1/thumb/v7-m/crtbegin.o
 *(.init)
 .init          0x00000000080006a8        0x4 c:/st/stm32cubeide_1.4.0/stm32cubeide/plugins/com.st.stm32cube.ide.mcu.externaltools.gnu-tools-for-stm32.7-2018-q2-update.win32_1.4.0.202007081208/tools/bin/../lib/gcc/arm-none-eabi/7.3.1/thumb/v7-m/crti.o
                0x00000000080006a8                _init
 .init          0x00000000080006ac        0x8 c:/st/stm32cubeide_1.4.0/stm32cubeide/plugins/com.st.stm32cube.ide.mcu.externaltools.gnu-tools-for-stm32.7-2018-q2-update.win32_1.4.0.202007081208/tools/bin/../lib/gcc/arm-none-eabi/7.3.1/thumb/v7-m/crtn.o
 *(.fini)
 .fini          0x00000000080006b4        0x4 c:/st/stm32cubeide_1.4.0/stm32cubeide/plugins/com.st.stm32cube.ide.mcu.externaltools.gnu-tools-for-stm32.7-2018-q2-update.win32_1.4.0.202007081208/tools/bin/../lib/gcc/arm-none-eabi/7.3.1/thumb/v7-m/crti.o
                0x00000000080006b4                _fini
 .fini          0x00000000080006b8        0x8 c:/st/stm32cubeide_1.4.0/stm32cubeide/plugins/com.st.stm32cube.ide.mcu.externaltools.gnu-tools-for-stm32.7-2018-q2-update.win32_1.4.0.202007081208/tools/bin/../lib/gcc/arm-none-eabi/7.3.1/thumb/v7-m/crtn.o
                0x00000000080006c0                . = ALIGN (0x4)
                0x00000000080006c0                _etext = .

.vfp11_veneer   0x00000000080006c0        0x0
 .vfp11_veneer  0x00000000080006c0        0x0 linker stubs

.v4_bx          0x00000000080006c0        0x0
 .v4_bx         0x00000000080006c0        0x0 linker stubs

.iplt           0x00000000080006c0        0x0
 .iplt          0x00000000080006c0        0x0 c:/st/stm32cubeide_1.4.0/stm32cubeide/plugins/com.st.stm32cube.ide.mcu.externaltools.gnu-tools-for-stm32.7-2018-q2-update.win32_1.4.0.202007081208/tools/bin/../lib/gcc/arm-none-eabi/7.3.1/thumb/v7-m/crtbegin.o

.rel.dyn        0x00000000080006c0        0x0
 .rel.iplt      0x00000000080006c0        0x0 c:/st/stm32cubeide_1.4.0/stm32cubeide/plugins/com.st.stm32cube.ide.mcu.externaltools.gnu-tools-for-stm32.7-2018-q2-update.win32_1.4.0.202007081208/tools/bin/../lib/gcc/arm-none-eabi/7.3.1/thumb/v7-m/crtbegin.o

.rodata         0x00000000080006c0        0x0
                0x00000000080006c0                . = ALIGN (0x4)
 *(.rodata)
 *(.rodata*)
                0x00000000080006c0                . = ALIGN (0x4)

.ARM.extab      0x00000000080006c0        0x0
                0x00000000080006c0                . = ALIGN (0x4)
 *(.ARM.extab* .gnu.linkonce.armextab.*)
                0x00000000080006c0                . = ALIGN (0x4)

.ARM            0x00000000080006c0        0x0
                0x00000000080006c0                . = ALIGN (0x4)
                0x00000000080006c0                __exidx_start = .
 *(.ARM.exidx*)
                0x00000000080006c0                __exidx_end = .
                0x00000000080006c0                . = ALIGN (0x4)

.preinit_array  0x00000000080006c0        0x0
                0x00000000080006c0                . = ALIGN (0x4)
                0x00000000080006c0                PROVIDE (__preinit_array_start = .)
 *(.preinit_array*)
                0x00000000080006c0                PROVIDE (__preinit_array_end = .)
                0x00000000080006c0                . = ALIGN (0x4)

.init_array     0x00000000080006c0        0x4
                0x00000000080006c0                . = ALIGN (0x4)
                0x00000000080006c0                PROVIDE (__init_array_start = .)
 *(SORT_BY_NAME(.init_array.*))
 *(.init_array*)
 .init_array    0x00000000080006c0        0x4 c:/st/stm32cubeide_1.4.0/stm32cubeide/plugins/com.st.stm32cube.ide.mcu.externaltools.gnu-tools-for-stm32.7-2018-q2-update.win32_1.4.0.202007081208/tools/bin/../lib/gcc/arm-none-eabi/7.3.1/thumb/v7-m/crtbegin.o
                0x00000000080006c4                PROVIDE (__init_array_end = .)
                0x00000000080006c4                . = ALIGN (0x4)

.fini_array     0x00000000080006c4        0x4
                0x00000000080006c4                . = ALIGN (0x4)
                [!provide]                        PROVIDE (__fini_array_start = .)
 *(SORT_BY_NAME(.fini_array.*))
 *(.fini_array*)
 .fini_array    0x00000000080006c4        0x4 c:/st/stm32cubeide_1.4.0/stm32cubeide/plugins/com.st.stm32cube.ide.mcu.externaltools.gnu-tools-for-stm32.7-2018-q2-update.win32_1.4.0.202007081208/tools/bin/../lib/gcc/arm-none-eabi/7.3.1/thumb/v7-m/crtbegin.o
                [!provide]                        PROVIDE (__fini_array_end = .)
                0x00000000080006c8                . = ALIGN (0x4)
                0x00000000080006c8                _sidata = LOADADDR (.data)

.data           0x0000000020000000        0x0 load address 0x00000000080006c8
                0x0000000020000000                . = ALIGN (0x4)
                0x0000000020000000                _sdata = .
 *(.data)
 *(.data*)
                0x0000000020000000                . = ALIGN (0x4)
                0x0000000020000000                _edata = .

.igot.plt       0x0000000020000000        0x0 load address 0x00000000080006c8
 .igot.plt      0x0000000020000000        0x0 c:/st/stm32cubeide_1.4.0/stm32cubeide/plugins/com.st.stm32cube.ide.mcu.externaltools.gnu-tools-for-stm32.7-2018-q2-update.win32_1.4.0.202007081208/tools/bin/../lib/gcc/arm-none-eabi/7.3.1/thumb/v7-m/crtbegin.o
                0x0000000020000000                . = ALIGN (0x4)

.bss            0x0000000020000000       0x7c load address 0x00000000080006c8
                0x0000000020000000                _sbss = .
                0x0000000020000000                __bss_start__ = _sbss
 *(.bss)
 .bss           0x0000000020000000       0x1c c:/st/stm32cubeide_1.4.0/stm32cubeide/plugins/com.st.stm32cube.ide.mcu.externaltools.gnu-tools-for-stm32.7-2018-q2-update.win32_1.4.0.202007081208/tools/bin/../lib/gcc/arm-none-eabi/7.3.1/thumb/v7-m/crtbegin.o
 *(.bss*)
 .bss.Global_USART_Config_s
                0x000000002000001c        0x4 STM32F103C6_DRIVERS/USART/USART_DRIVER.o
                0x000000002000001c                Global_USART_Config_s
 *(COMMON)
 COMMON         0x0000000020000020       0x3c STM32F103C6_DRIVERS/EXTI/EXTI_DRIVER.o
                0x0000000020000020                GP_IRQ_CallBack
 COMMON         0x000000002000005c        0x4 STM32F103C6_DRIVERS/SPI/SPI_DRIVER.o
                0x000000002000005c                Global_SPI_Config_s
 COMMON         0x0000000020000060       0x1c Src/main.o
                0x0000000020000060                _E_MSP
                0x0000000020000064                _S_PSP_TA
                0x0000000020000068                flag
                0x000000002000006c                _S_PSP_TB
                0x0000000020000070                TaskA_flag
                0x0000000020000074                _E_PSP_TB
                0x0000000020000078                _E_PSP_TA
                0x000000002000007c                . = ALIGN (0x4)
                0x000000002000007c                _ebss = .
                0x000000002000007c                __bss_end__ = _ebss

._user_heap_stack
                0x000000002000007c      0x604 load address 0x00000000080006c8
                0x0000000020000080                . = ALIGN (0x8)
 *fill*         0x000000002000007c        0x4 
                [!provide]                        PROVIDE (end = .)
                0x0000000020000080                PROVIDE (_end = .)
                0x0000000020000280                . = (. + _Min_Heap_Size)
 *fill*         0x0000000020000080      0x200 
                0x0000000020000680                . = (. + _Min_Stack_Size)
 *fill*         0x0000000020000280      0x400 
                0x0000000020000680                . = ALIGN (0x8)

/DISCARD/
 libc.a(*)
 libm.a(*)
 libgcc.a(*)

.ARM.attributes
                0x0000000000000000       0x29
 *(.ARM.attributes)
 .ARM.attributes
                0x0000000000000000       0x1d c:/st/stm32cubeide_1.4.0/stm32cubeide/plugins/com.st.stm32cube.ide.mcu.externaltools.gnu-tools-for-stm32.7-2018-q2-update.win32_1.4.0.202007081208/tools/bin/../lib/gcc/arm-none-eabi/7.3.1/thumb/v7-m/crti.o
 .ARM.attributes
                0x000000000000001d       0x2d c:/st/stm32cubeide_1.4.0/stm32cubeide/plugins/com.st.stm32cube.ide.mcu.externaltools.gnu-tools-for-stm32.7-2018-q2-update.win32_1.4.0.202007081208/tools/bin/../lib/gcc/arm-none-eabi/7.3.1/thumb/v7-m/crtbegin.o
 .ARM.attributes
                0x000000000000004a       0x33 STM32F103C6_DRIVERS/EXTI/EXTI_DRIVER.o
 .ARM.attributes
                0x000000000000007d       0x33 STM32F103C6_DRIVERS/I2C/I2C_DRIVER.o
 .ARM.attributes
                0x00000000000000b0       0x33 STM32F103C6_DRIVERS/SPI/SPI_DRIVER.o
 .ARM.attributes
                0x00000000000000e3       0x33 STM32F103C6_DRIVERS/USART/USART_DRIVER.o
 .ARM.attributes
                0x0000000000000116       0x33 Src/main.o
 .ARM.attributes
                0x0000000000000149       0x21 Startup/startup_stm32f103c6tx.o
 .ARM.attributes
                0x000000000000016a       0x2d c:/st/stm32cubeide_1.4.0/stm32cubeide/plugins/com.st.stm32cube.ide.mcu.externaltools.gnu-tools-for-stm32.7-2018-q2-update.win32_1.4.0.202007081208/tools/bin/../lib/gcc/arm-none-eabi/7.3.1/../../../../arm-none-eabi/lib/thumb/v7-m\libc_nano.a(lib_a-init.o)
 .ARM.attributes
                0x0000000000000197       0x1d c:/st/stm32cubeide_1.4.0/stm32cubeide/plugins/com.st.stm32cube.ide.mcu.externaltools.gnu-tools-for-stm32.7-2018-q2-update.win32_1.4.0.202007081208/tools/bin/../lib/gcc/arm-none-eabi/7.3.1/thumb/v7-m/crtn.o
OUTPUT(Drivers1.elf elf32-littlearm)

.debug_info     0x0000000000000000     0x4a50
 .debug_info    0x0000000000000000      0xdc2 STM32F103C6_DRIVERS/EXTI/EXTI_DRIVER.o
 .debug_info    0x0000000000000dc2     0x127a STM32F103C6_DRIVERS/I2C/I2C_DRIVER.o
 .debug_info    0x000000000000203c      0xddc STM32F103C6_DRIVERS/SPI/SPI_DRIVER.o
 .debug_info    0x0000000000002e18      0xe6b STM32F103C6_DRIVERS/USART/USART_DRIVER.o
 .debug_info    0x0000000000003c83      0xdab Src/main.o
 .debug_info    0x0000000000004a2e       0x22 Startup/startup_stm32f103c6tx.o

.debug_abbrev   0x0000000000000000      0xaf8
 .debug_abbrev  0x0000000000000000      0x1d1 STM32F103C6_DRIVERS/EXTI/EXTI_DRIVER.o
 .debug_abbrev  0x00000000000001d1      0x294 STM32F103C6_DRIVERS/I2C/I2C_DRIVER.o
 .debug_abbrev  0x0000000000000465      0x20f STM32F103C6_DRIVERS/SPI/SPI_DRIVER.o
 .debug_abbrev  0x0000000000000674      0x214 STM32F103C6_DRIVERS/USART/USART_DRIVER.o
 .debug_abbrev  0x0000000000000888      0x25e Src/main.o
 .debug_abbrev  0x0000000000000ae6       0x12 Startup/startup_stm32f103c6tx.o

.debug_loc      0x0000000000000000      0xd74
 .debug_loc     0x0000000000000000      0x280 STM32F103C6_DRIVERS/EXTI/EXTI_DRIVER.o
 .debug_loc     0x0000000000000280      0x524 STM32F103C6_DRIVERS/I2C/I2C_DRIVER.o
 .debug_loc     0x00000000000007a4      0x260 STM32F103C6_DRIVERS/SPI/SPI_DRIVER.o
 .debug_loc     0x0000000000000a04      0x1a8 STM32F103C6_DRIVERS/USART/USART_DRIVER.o
 .debug_loc     0x0000000000000bac      0x1c8 Src/main.o

.debug_aranges  0x0000000000000000      0x210
 .debug_aranges
                0x0000000000000000       0x70 STM32F103C6_DRIVERS/EXTI/EXTI_DRIVER.o
 .debug_aranges
                0x0000000000000070       0x98 STM32F103C6_DRIVERS/I2C/I2C_DRIVER.o
 .debug_aranges
                0x0000000000000108       0x50 STM32F103C6_DRIVERS/SPI/SPI_DRIVER.o
 .debug_aranges
                0x0000000000000158       0x40 STM32F103C6_DRIVERS/USART/USART_DRIVER.o
 .debug_aranges
                0x0000000000000198       0x50 Src/main.o
 .debug_aranges
                0x00000000000001e8       0x28 Startup/startup_stm32f103c6tx.o

.debug_ranges   0x0000000000000000      0x1b8
 .debug_ranges  0x0000000000000000       0x60 STM32F103C6_DRIVERS/EXTI/EXTI_DRIVER.o
 .debug_ranges  0x0000000000000060       0x88 STM32F103C6_DRIVERS/I2C/I2C_DRIVER.o
 .debug_ranges  0x00000000000000e8       0x40 STM32F103C6_DRIVERS/SPI/SPI_DRIVER.o
 .debug_ranges  0x0000000000000128       0x30 STM32F103C6_DRIVERS/USART/USART_DRIVER.o
 .debug_ranges  0x0000000000000158       0x40 Src/main.o
 .debug_ranges  0x0000000000000198       0x20 Startup/startup_stm32f103c6tx.o

.debug_macro    0x0000000000000000     0x1a6f
 .debug_macro   0x0000000000000000      0x148 STM32F103C6_DRIVERS/EXTI/EXTI_DRIVER.o
 .debug_macro   0x0000000000000148      0x13d STM32F103C6_DRIVERS/EXTI/EXTI_DRIVER.o
 .debug_macro   0x0000000000000285      0x15d STM32F103C6_DRIVERS/I2C/I2C_DRIVER.o
 .debug_macro   0x00000000000003e2       0x1c STM32F103C6_DRIVERS/I2C/I2C_DRIVER.o
 .debug_macro   0x00000000000003fe       0x52 STM32F103C6_DRIVERS/I2C/I2C_DRIVER.o
 .debug_macro   0x0000000000000450      0x148 STM32F103C6_DRIVERS/SPI/SPI_DRIVER.o
 .debug_macro   0x0000000000000598       0xb8 STM32F103C6_DRIVERS/SPI/SPI_DRIVER.o
 .debug_macro   0x0000000000000650      0x175 STM32F103C6_DRIVERS/USART/USART_DRIVER.o
 .debug_macro   0x00000000000007c5       0x40 STM32F103C6_DRIVERS/USART/USART_DRIVER.o
 .debug_macro   0x0000000000000805      0x1d8 Src/main.o
 .debug_macro   0x00000000000009dd       0x28 Src/main.o
 .debug_macro   0x0000000000000a05       0x1c Src/main.o
 .debug_macro   0x0000000000000a21       0x22 Src/main.o
 .debug_macro   0x0000000000000a43       0xdf Src/main.o
 .debug_macro   0x0000000000000b22      0xe2e Src/main.o
 .debug_macro   0x0000000000001950      0x11f Src/main.o

.debug_line     0x0000000000000000     0x2168
 .debug_line    0x0000000000000000      0x680 STM32F103C6_DRIVERS/EXTI/EXTI_DRIVER.o
 .debug_line    0x0000000000000680      0x789 STM32F103C6_DRIVERS/I2C/I2C_DRIVER.o
 .debug_line    0x0000000000000e09      0x62d STM32F103C6_DRIVERS/SPI/SPI_DRIVER.o
 .debug_line    0x0000000000001436      0x630 STM32F103C6_DRIVERS/USART/USART_DRIVER.o
 .debug_line    0x0000000000001a66      0x67e Src/main.o
 .debug_line    0x00000000000020e4       0x84 Startup/startup_stm32f103c6tx.o

.debug_str      0x0000000000000000    0x10f73
 .debug_str     0x0000000000000000     0x94e7 STM32F103C6_DRIVERS/EXTI/EXTI_DRIVER.o
                                       0x974b (size before relaxing)
 .debug_str     0x00000000000094e7      0x747 STM32F103C6_DRIVERS/I2C/I2C_DRIVER.o
                                       0x93dd (size before relaxing)
 .debug_str     0x0000000000009c2e      0x70c STM32F103C6_DRIVERS/SPI/SPI_DRIVER.o
                                       0x9353 (size before relaxing)
 .debug_str     0x000000000000a33a      0x554 STM32F103C6_DRIVERS/USART/USART_DRIVER.o
                                       0x91e3 (size before relaxing)
 .debug_str     0x000000000000a88e     0x66b4 Src/main.o
                                       0xfb48 (size before relaxing)
 .debug_str     0x0000000000010f42       0x31 Startup/startup_stm32f103c6tx.o
                                         0x52 (size before relaxing)

.comment        0x0000000000000000       0x7b
 .comment       0x0000000000000000       0x7b STM32F103C6_DRIVERS/EXTI/EXTI_DRIVER.o
                                         0x7c (size before relaxing)
 .comment       0x000000000000007b       0x7c STM32F103C6_DRIVERS/I2C/I2C_DRIVER.o
 .comment       0x000000000000007b       0x7c STM32F103C6_DRIVERS/SPI/SPI_DRIVER.o
 .comment       0x000000000000007b       0x7c STM32F103C6_DRIVERS/USART/USART_DRIVER.o
 .comment       0x000000000000007b       0x7c Src/main.o

.debug_frame    0x0000000000000000      0x6d8
 .debug_frame   0x0000000000000000      0x16c STM32F103C6_DRIVERS/EXTI/EXTI_DRIVER.o
 .debug_frame   0x000000000000016c      0x260 STM32F103C6_DRIVERS/I2C/I2C_DRIVER.o
 .debug_frame   0x00000000000003cc      0x11c STM32F103C6_DRIVERS/SPI/SPI_DRIVER.o
 .debug_frame   0x00000000000004e8       0xd0 STM32F103C6_DRIVERS/USART/USART_DRIVER.o
 .debug_frame   0x00000000000005b8       0xf4 Src/main.o
 .debug_frame   0x00000000000006ac       0x2c c:/st/stm32cubeide_1.4.0/stm32cubeide/plugins/com.st.stm32cube.ide.mcu.externaltools.gnu-tools-for-stm32.7-2018-q2-update.win32_1.4.0.202007081208/tools/bin/../lib/gcc/arm-none-eabi/7.3.1/../../../../arm-none-eabi/lib/thumb/v7-m\libc_nano.a(lib_a-init.o)
